Archive member included to satisfy reference by file (symbol)

/opt/gcc-arm/gcc-arm-none-eabi-6_2-2016q4/bin/../lib/gcc/arm-none-eabi/6.2.1/../../../../arm-none-eabi/lib/thumb/v7-m/libstdc++.a(class_type_info.o)
                              ./src/main.o (vtable for __cxxabiv1::__class_type_info)
/opt/gcc-arm/gcc-arm-none-eabi-6_2-2016q4/bin/../lib/gcc/arm-none-eabi/6.2.1/../../../../arm-none-eabi/lib/thumb/v7-m/libstdc++.a(eh_arm.o)
                              ./src/main.o (__cxa_end_cleanup)
/opt/gcc-arm/gcc-arm-none-eabi-6_2-2016q4/bin/../lib/gcc/arm-none-eabi/6.2.1/../../../../arm-none-eabi/lib/thumb/v7-m/libstdc++.a(eh_globals.o)
                              /opt/gcc-arm/gcc-arm-none-eabi-6_2-2016q4/bin/../lib/gcc/arm-none-eabi/6.2.1/../../../../arm-none-eabi/lib/thumb/v7-m/libstdc++.a(eh_arm.o) (__cxa_get_globals)
/opt/gcc-arm/gcc-arm-none-eabi-6_2-2016q4/bin/../lib/gcc/arm-none-eabi/6.2.1/../../../../arm-none-eabi/lib/thumb/v7-m/libstdc++.a(eh_exception.o)
                              /opt/gcc-arm/gcc-arm-none-eabi-6_2-2016q4/bin/../lib/gcc/arm-none-eabi/6.2.1/../../../../arm-none-eabi/lib/thumb/v7-m/libstdc++.a(eh_arm.o) (typeinfo for __cxxabiv1::__forced_unwind)
/opt/gcc-arm/gcc-arm-none-eabi-6_2-2016q4/bin/../lib/gcc/arm-none-eabi/6.2.1/../../../../arm-none-eabi/lib/thumb/v7-m/libstdc++.a(si_class_type_info.o)
                              ./src/main.o (vtable for __cxxabiv1::__si_class_type_info)
/opt/gcc-arm/gcc-arm-none-eabi-6_2-2016q4/bin/../lib/gcc/arm-none-eabi/6.2.1/../../../../arm-none-eabi/lib/thumb/v7-m/libstdc++.a(del_ops.o)
                              /opt/gcc-arm/gcc-arm-none-eabi-6_2-2016q4/bin/../lib/gcc/arm-none-eabi/6.2.1/../../../../arm-none-eabi/lib/thumb/v7-m/libstdc++.a(class_type_info.o) (operator delete(void*, unsigned int))
/opt/gcc-arm/gcc-arm-none-eabi-6_2-2016q4/bin/../lib/gcc/arm-none-eabi/6.2.1/../../../../arm-none-eabi/lib/thumb/v7-m/libstdc++.a(eh_personality.o)
                              ./src/main.o (__gxx_personality_v0)
/opt/gcc-arm/gcc-arm-none-eabi-6_2-2016q4/bin/../lib/gcc/arm-none-eabi/6.2.1/../../../../arm-none-eabi/lib/thumb/v7-m/libstdc++.a(eh_terminate.o)
                              /opt/gcc-arm/gcc-arm-none-eabi-6_2-2016q4/bin/../lib/gcc/arm-none-eabi/6.2.1/../../../../arm-none-eabi/lib/thumb/v7-m/libstdc++.a(eh_arm.o) (std::terminate())
/opt/gcc-arm/gcc-arm-none-eabi-6_2-2016q4/bin/../lib/gcc/arm-none-eabi/6.2.1/../../../../arm-none-eabi/lib/thumb/v7-m/libstdc++.a(tinfo.o)
                              /opt/gcc-arm/gcc-arm-none-eabi-6_2-2016q4/bin/../lib/gcc/arm-none-eabi/6.2.1/../../../../arm-none-eabi/lib/thumb/v7-m/libstdc++.a(class_type_info.o) (std::type_info::~type_info())
/opt/gcc-arm/gcc-arm-none-eabi-6_2-2016q4/bin/../lib/gcc/arm-none-eabi/6.2.1/../../../../arm-none-eabi/lib/thumb/v7-m/libstdc++.a(eh_term_handler.o)
                              /opt/gcc-arm/gcc-arm-none-eabi-6_2-2016q4/bin/../lib/gcc/arm-none-eabi/6.2.1/../../../../arm-none-eabi/lib/thumb/v7-m/libstdc++.a(eh_terminate.o) (__cxxabiv1::__terminate_handler)
/opt/gcc-arm/gcc-arm-none-eabi-6_2-2016q4/bin/../lib/gcc/arm-none-eabi/6.2.1/../../../../arm-none-eabi/lib/thumb/v7-m/libstdc++.a(eh_call.o)
                              /opt/gcc-arm/gcc-arm-none-eabi-6_2-2016q4/bin/../lib/gcc/arm-none-eabi/6.2.1/../../../../arm-none-eabi/lib/thumb/v7-m/libstdc++.a(eh_personality.o) (__cxa_call_terminate)
/opt/gcc-arm/gcc-arm-none-eabi-6_2-2016q4/bin/../lib/gcc/arm-none-eabi/6.2.1/../../../../arm-none-eabi/lib/thumb/v7-m/libstdc++.a(eh_catch.o)
                              /opt/gcc-arm/gcc-arm-none-eabi-6_2-2016q4/bin/../lib/gcc/arm-none-eabi/6.2.1/../../../../arm-none-eabi/lib/thumb/v7-m/libstdc++.a(eh_personality.o) (__cxa_begin_catch)
/opt/gcc-arm/gcc-arm-none-eabi-6_2-2016q4/bin/../lib/gcc/arm-none-eabi/6.2.1/../../../../arm-none-eabi/lib/thumb/v7-m/libstdc++.a(eh_unex_handler.o)
                              /opt/gcc-arm/gcc-arm-none-eabi-6_2-2016q4/bin/../lib/gcc/arm-none-eabi/6.2.1/../../../../arm-none-eabi/lib/thumb/v7-m/libstdc++.a(eh_terminate.o) (__cxxabiv1::__unexpected_handler)
/opt/gcc-arm/gcc-arm-none-eabi-6_2-2016q4/bin/../lib/gcc/arm-none-eabi/6.2.1/../../../../arm-none-eabi/lib/thumb/v7-m/libstdc++.a(eh_alloc.o)
                              /opt/gcc-arm/gcc-arm-none-eabi-6_2-2016q4/bin/../lib/gcc/arm-none-eabi/6.2.1/../../../../arm-none-eabi/lib/thumb/v7-m/libstdc++.a(eh_call.o) (__cxa_allocate_exception)
/opt/gcc-arm/gcc-arm-none-eabi-6_2-2016q4/bin/../lib/gcc/arm-none-eabi/6.2.1/../../../../arm-none-eabi/lib/thumb/v7-m/libstdc++.a(eh_throw.o)
                              /opt/gcc-arm/gcc-arm-none-eabi-6_2-2016q4/bin/../lib/gcc/arm-none-eabi/6.2.1/../../../../arm-none-eabi/lib/thumb/v7-m/libstdc++.a(eh_call.o) (__cxa_throw)
/opt/gcc-arm/gcc-arm-none-eabi-6_2-2016q4/bin/../lib/gcc/arm-none-eabi/6.2.1/../../../../arm-none-eabi/lib/thumb/v7-m/libm.a(lib_a-s_sin.o)
                              ./src/main.o (sin)
[...]
Memory Configuration

Name             Origin             Length             Attributes
RAM1             0x0000000020000000 0x0000000000005000 xrw
RAM5             0x0000000068000000 0x0000000000000000 xrw
ROM              0x0000000008000000 0x0000000000020000 xr
*default*        0x0000000000000000 0xffffffffffffffff

Linker script and memory map

LOAD ./src/f1/startup_stm32f103xb.o
LOAD ./lib/CMSIS/CM3/DeviceSupport/ST/STM32F10x/system_stm32f10x.o
LOAD ./src/led.o
LOAD ./src/encoder.o
LOAD ./src/stm32_time.o
LOAD ./lib/STM32F10x_StdPeriph_Driver/src/stm32f10x_adc.o
LOAD ./lib/STM32F10x_StdPeriph_Driver/src/stm32f10x_bkp.o
LOAD ./lib/STM32F10x_StdPeriph_Driver/src/stm32f10x_can.o
LOAD ./lib/STM32F10x_StdPeriph_Driver/src/stm32f10x_cec.o
LOAD ./lib/STM32F10x_StdPeriph_Driver/src/stm32f10x_crc.o
LOAD ./lib/STM32F10x_StdPeriph_Driver/src/stm32f10x_dac.o
LOAD ./lib/STM32F10x_StdPeriph_Driver/src/stm32f10x_dma.o
LOAD ./lib/STM32F10x_StdPeriph_Driver/src/stm32f10x_exti.o
LOAD ./lib/STM32F10x_StdPeriph_Driver/src/stm32f10x_flash.o
LOAD ./lib/STM32F10x_StdPeriph_Driver/src/stm32f10x_fsmc.o
LOAD ./lib/STM32F10x_StdPeriph_Driver/src/stm32f10x_gpio.o
LOAD ./lib/STM32F10x_StdPeriph_Driver/src/stm32f10x_i2c.o
LOAD ./lib/STM32F10x_StdPeriph_Driver/src/stm32f10x_iwdg.o
LOAD ./lib/STM32F10x_StdPeriph_Driver/src/stm32f10x_pwr.o
LOAD ./lib/STM32F10x_StdPeriph_Driver/src/stm32f10x_rcc.o
LOAD ./lib/STM32F10x_StdPeriph_Driver/src/stm32f10x_spi.o
LOAD ./lib/STM32F10x_StdPeriph_Driver/src/stm32f10x_usart.o
LOAD ./lib/STM32F10x_StdPeriph_Driver/src/stm32f10x_tim.o
LOAD ./lib/STM32F10x_StdPeriph_Driver/src/stm32f10x_sdio.o
LOAD ./lib/STM32F10x_StdPeriph_Driver/src/stm32f10x_wwdg.o
LOAD ./lib/STM32F10x_StdPeriph_Driver/src/stm32f10x_dbgmcu.o
LOAD ./lib/STM32F10x_StdPeriph_Driver/src/misc.o
LOAD ./src/main.o
LOAD ./src/motor.o
LOAD ./src/servo.o
LOAD ./src/DCMotor.o
LOAD ./src/motorSettings.o
LOAD ./src/LibraryHacks.o
LOAD ./lib/ros_lib/duration.o
LOAD ./lib/ros_lib/time.o
LOAD /opt/gcc-arm/gcc-arm-none-eabi-6_2-2016q4/bin/../lib/gcc/arm-none-eabi/6.2.1/../../../../arm-none-eabi/lib/thumb/v7-m/libstdc++.a
LOAD /opt/gcc-arm/gcc-arm-none-eabi-6_2-2016q4/bin/../lib/gcc/arm-none-eabi/6.2.1/../../../../arm-none-eabi/lib/thumb/v7-m/libm.a
START GROUP
LOAD /opt/gcc-arm/gcc-arm-none-eabi-6_2-2016q4/bin/../lib/gcc/arm-none-eabi/6.2.1/thumb/v7-m/libgcc.a
LOAD /opt/gcc-arm/gcc-arm-none-eabi-6_2-2016q4/bin/../lib/gcc/arm-none-eabi/6.2.1/../../../../arm-none-eabi/lib/thumb/v7-m/libg.a
LOAD /opt/gcc-arm/gcc-arm-none-eabi-6_2-2016q4/bin/../lib/gcc/arm-none-eabi/6.2.1/../../../../arm-none-eabi/lib/thumb/v7-m/libc.a
END GROUP
                0x0000000020005000                _estack = (ORIGIN (RAM1) + LENGTH (RAM1))

.text           0x0000000008000000     0xbef8
                0x0000000008000000                . = ALIGN (0x4)
 *(.isr_vector)
 .isr_vector    0x0000000008000000      0x10c ./src/f1/startup_stm32f103xb.o
                0x0000000008000000                g_pfnVectors
                0x000000000800010c                . = ALIGN (0x4)
 *(.text .text.*)
 .text.Reset_Handler
                0x000000000800010c       0x48 ./src/f1/startup_stm32f103xb.o
                0x000000000800010c                Reset_Handler
 .text.Default_Handler
                0x0000000008000154        0x2 ./src/f1/startup_stm32f103xb.o
                0x0000000008000154                RTC_Alarm_IRQHandler
                0x0000000008000154                DebugMon_Handler
                0x0000000008000154                TIM1_CC_IRQHandler
                0x0000000008000154                PVD_IRQHandler
                0x0000000008000154                PendSV_Handler
                0x0000000008000154                NMI_Handler
                0x0000000008000154                EXTI3_IRQHandler
                0x0000000008000154                EXTI0_IRQHandler
                0x0000000008000154                I2C2_EV_IRQHandler
                0x0000000008000154                UsageFault_Handler
                0x0000000008000154                ADC1_2_IRQHandler
                0x0000000008000154                SPI1_IRQHandler
                0x0000000008000154                TAMPER_IRQHandler
                0x0000000008000154                DMA1_Channel4_IRQHandler
                0x0000000008000154                USART3_IRQHandler
                0x0000000008000154                RTC_IRQHandler
                0x0000000008000154                DMA1_Channel7_IRQHandler
                0x0000000008000154                CAN1_RX1_IRQHandler
                0x0000000008000154                TIM4_IRQHandler
                0x0000000008000154                I2C1_EV_IRQHandler
                0x0000000008000154                DMA1_Channel6_IRQHandler
                0x0000000008000154                TIM3_IRQHandler
                0x0000000008000154                RCC_IRQHandler
                0x0000000008000154                TIM1_TRG_COM_IRQHandler
                0x0000000008000154                DMA1_Channel1_IRQHandler
                0x0000000008000154                Default_Handler
                0x0000000008000154                EXTI15_10_IRQHandler
                0x0000000008000154                EXTI9_5_IRQHandler
                0x0000000008000154                SPI2_IRQHandler
                0x0000000008000154                MemManage_Handler
                0x0000000008000154                SVC_Handler
                0x0000000008000154                DMA1_Channel5_IRQHandler
                0x0000000008000154                EXTI4_IRQHandler
                0x0000000008000154                USB_LP_CAN1_RX0_IRQHandler
                0x0000000008000154                USB_HP_CAN1_TX_IRQHandler
                0x0000000008000154                DMA1_Channel3_IRQHandler
                0x0000000008000154                TIM1_UP_IRQHandler
                0x0000000008000154                WWDG_IRQHandler
                0x0000000008000154                TIM2_IRQHandler
                0x0000000008000154                TIM1_BRK_IRQHandler
                0x0000000008000154                EXTI1_IRQHandler
                0x0000000008000154                USART2_IRQHandler
                0x0000000008000154                I2C2_ER_IRQHandler
                0x0000000008000154                DMA1_Channel2_IRQHandler
                0x0000000008000154                CAN1_SCE_IRQHandler
                0x0000000008000154                FLASH_IRQHandler
                0x0000000008000154                BusFault_Handler
                0x0000000008000154                I2C1_ER_IRQHandler
                0x0000000008000154                USBWakeUp_IRQHandler
 *fill*         0x0000000008000156        0x2 
 .text          0x0000000008000158      0x154 ./lib/CMSIS/CM3/DeviceSupport/ST/STM32F10x/system_stm32f10x.o
                0x0000000008000158                SystemInit
                0x0000000008000248                SystemCoreClockUpdate
 .text          0x00000000080002ac      0x130 ./src/led.o
                0x00000000080002ac                LED_Init
                0x000000000800031c                led_set
                0x0000000008000332                DEBUG_Init
                0x0000000008000358                debug_toggle
                0x0000000008000380                SHUTDOWN_Init
 .text          0x00000000080003dc       0x74 ./src/encoder.o
                0x00000000080003dc                I2C1_Init
 .text          0x0000000008000450      0x130 ./src/stm32_time.o
                0x0000000008000450                SysTick_Init
                0x0000000008000488                SysTick_Handler
                0x000000000800049c                delay
                0x00000000080004c0                udelay
                0x00000000080004d4                millis
                0x00000000080004e8                micros
                0x00000000080004f4                RCC_Configuration
 .text          0x0000000008000580       0xf4 ./lib/STM32F10x_StdPeriph_Driver/src/stm32f10x_exti.o
                0x0000000008000580                EXTI_DeInit
                0x000000000800059c                EXTI_Init
                0x0000000008000610                EXTI_StructInit
                0x000000000800061e                EXTI_GenerateSWInterrupt
                0x000000000800062c                EXTI_GetFlagStatus
                0x0000000008000640                EXTI_ClearFlag
                0x000000000800064c                EXTI_GetITStatus
                0x0000000008000668                EXTI_ClearITPendingBit
 .text          0x0000000008000674      0x4dc ./lib/STM32F10x_StdPeriph_Driver/src/stm32f10x_flash.o
                0x0000000008000674                FLASH_SetLatency
                0x0000000008000688                FLASH_HalfCycleAccessCmd
                0x00000000080006a0                FLASH_PrefetchBufferCmd
                0x00000000080006b8                FLASH_UnlockBank1
                0x00000000080006d0                FLASH_Unlock
                0x00000000080006d4                FLASH_LockBank1
                0x00000000080006e4                FLASH_Lock
                0x00000000080006e8                FLASH_GetUserOptionByte
                0x00000000080006f4                FLASH_GetWriteProtectionOptionByte
                0x0000000008000700                FLASH_GetReadOutProtectionStatus
                0x0000000008000710                FLASH_GetPrefetchBufferStatus
                0x0000000008000720                FLASH_ITConfig
                0x0000000008000738                FLASH_GetFlagStatus
                0x0000000008000758                FLASH_ClearFlag
                0x0000000008000764                FLASH_GetStatus
                0x000000000800078c                FLASH_GetBank1Status
                0x00000000080007b4                FLASH_WaitForLastBank1Operation
                0x00000000080007d6                FLASH_EraseAllBank1Pages
                0x0000000008000810                FLASH_EraseAllPages
                0x0000000008000814                FLASH_UserOptionByteConfig
                0x0000000008000870                FLASH_ReadOutProtection
                0x0000000008000904                FLASH_EnableWriteProtection
                0x00000000080009b0                FLASH_ProgramOptionByteData
                0x00000000080009fc                FLASH_ProgramHalfWord
                0x0000000008000a34                FLASH_ProgramWord
                0x0000000008000a8c                FLASH_EraseOptionBytes
                0x0000000008000b0c                FLASH_ErasePage
                0x0000000008000b4c                FLASH_WaitForLastOperation
 .text          0x0000000008000b50      0x288 ./lib/STM32F10x_StdPeriph_Driver/src/stm32f10x_gpio.o
                0x0000000008000b50                GPIO_DeInit
                0x0000000008000c08                GPIO_AFIODeInit
                0x0000000008000c1e                GPIO_Init
                0x0000000008000cc2                GPIO_StructInit
                0x0000000008000cd2                GPIO_ReadInputDataBit
                0x0000000008000cde                GPIO_ReadInputData
                0x0000000008000ce4                GPIO_ReadOutputDataBit
                0x0000000008000cf0                GPIO_ReadOutputData
                0x0000000008000cf6                GPIO_SetBits
                0x0000000008000cfa                GPIO_ResetBits
                0x0000000008000cfe                GPIO_WriteBit
                0x0000000008000d08                GPIO_Write
                0x0000000008000d0c                GPIO_PinLockConfig
                0x0000000008000d1c                GPIO_EventOutputConfig
                0x0000000008000d38                GPIO_EventOutputCmd
                0x0000000008000d44                GPIO_PinRemapConfig
                0x0000000008000da4                GPIO_EXTILineConfig
                0x0000000008000dce                GPIO_ETH_MediaInterfaceConfig
 .text          0x0000000008000dd8      0x39c ./lib/STM32F10x_StdPeriph_Driver/src/stm32f10x_i2c.o
                0x0000000008000dd8                I2C_DeInit
                0x0000000008000e0c                I2C_Init
                0x0000000008000ee0                I2C_StructInit
                0x0000000008000efc                I2C_Cmd
                0x0000000008000f14                I2C_DMACmd
                0x0000000008000f2c                I2C_DMALastTransferCmd
                0x0000000008000f44                I2C_GenerateSTART
                0x0000000008000f5c                I2C_GenerateSTOP
                0x0000000008000f74                I2C_AcknowledgeConfig
                0x0000000008000f8c                I2C_OwnAddress2Config
                0x0000000008000f9e                I2C_DualAddressCmd
                0x0000000008000fb6                I2C_GeneralCallCmd
                0x0000000008000fce                I2C_ITConfig
                0x0000000008000fe0                I2C_SendData
                0x0000000008000fe4                I2C_ReceiveData
                0x0000000008000fea                I2C_Send7bitAddress
                0x0000000008000ffc                I2C_ReadRegister
                0x0000000008001014                I2C_SoftwareResetCmd
                0x000000000800102c                I2C_SMBusAlertConfig
                0x0000000008001048                I2C_TransmitPEC
                0x0000000008001060                I2C_PECPositionConfig
                0x000000000800107c                I2C_NACKPositionConfig
                0x0000000008001080                I2C_CalculatePEC
                0x0000000008001098                I2C_GetPEC
                0x00000000080010a0                I2C_ARPCmd
                0x00000000080010b8                I2C_StretchClockCmd
                0x00000000080010d0                I2C_FastModeDutyCycleConfig
                0x00000000080010ec                I2C_CheckEvent
                0x0000000008001104                I2C_GetLastEvent
                0x0000000008001114                I2C_GetFlagStatus
                0x0000000008001148                I2C_ClearFlag
                0x0000000008001150                I2C_GetITStatus
                0x000000000800116c                I2C_ClearITPendingBit
 .text          0x0000000008001174      0x348 ./lib/STM32F10x_StdPeriph_Driver/src/stm32f10x_rcc.o
                0x0000000008001174                RCC_DeInit
                0x00000000080011b4                RCC_HSEConfig
                0x00000000080011ec                RCC_AdjustHSICalibrationValue
                0x0000000008001200                RCC_HSICmd
                0x000000000800120c                RCC_PLLConfig
                0x0000000008001220                RCC_PLLCmd
                0x000000000800122c                RCC_SYSCLKConfig
                0x0000000008001240                RCC_GetSYSCLKSource
                0x0000000008001250                RCC_HCLKConfig
                0x0000000008001264                RCC_PCLK1Config
                0x0000000008001278                RCC_PCLK2Config
                0x000000000800128c                RCC_ITConfig
                0x00000000080012a4                RCC_USBCLKConfig
                0x00000000080012b0                RCC_ADCCLKConfig
                0x00000000080012c4                RCC_LSEConfig
                0x00000000080012e4                RCC_LSICmd
                0x00000000080012f0                RCC_RTCCLKConfig
                0x0000000008001300                RCC_RTCCLKCmd
                0x000000000800130c                RCC_GetClocksFreq
                0x0000000008001398                RCC_AHBPeriphClockCmd
                0x00000000080013b0                RCC_APB2PeriphClockCmd
                0x00000000080013c8                RCC_APB1PeriphClockCmd
                0x00000000080013e0                RCC_APB2PeriphResetCmd
                0x00000000080013f8                RCC_APB1PeriphResetCmd
                0x0000000008001410                RCC_BackupResetCmd
                0x000000000800141c                RCC_ClockSecuritySystemCmd
                0x0000000008001428                RCC_MCOConfig
                0x0000000008001434                RCC_GetFlagStatus
                0x000000000800145c                RCC_WaitForHSEStartUp
                0x000000000800148c                RCC_ClearFlag
                0x000000000800149c                RCC_GetITStatus
                0x00000000080014b0                RCC_ClearITPendingBit
 .text          0x00000000080014bc      0x3a0 ./lib/STM32F10x_StdPeriph_Driver/src/stm32f10x_usart.o
                0x00000000080014bc                USART_DeInit
                0x0000000008001558                USART_Init
                0x0000000008001604                USART_StructInit
                0x000000000800161a                USART_ClockInit
                0x000000000800163a                USART_ClockStructInit
                0x0000000008001646                USART_Cmd
                0x000000000800165e                USART_ITConfig
                0x000000000800168e                USART_DMACmd
                0x00000000080016a0                USART_SetAddress
                0x00000000080016b6                USART_WakeUpConfig
                0x00000000080016cc                USART_ReceiverWakeUpCmd
                0x00000000080016e4                USART_LINBreakDetectLengthConfig
                0x00000000080016fa                USART_LINCmd
                0x0000000008001712                USART_SendData
                0x000000000800171a                USART_ReceiveData
                0x0000000008001722                USART_SendBreak
                0x000000000800172e                USART_SetGuardTime
                0x0000000008001740                USART_SetPrescaler
                0x0000000008001752                USART_SmartCardCmd
                0x000000000800176a                USART_SmartCardNACKCmd
                0x0000000008001782                USART_HalfDuplexCmd
                0x000000000800179a                USART_OverSampling8Cmd
                0x00000000080017b2                USART_OneBitMethodCmd
                0x00000000080017ca                USART_IrDAConfig
                0x00000000080017e0                USART_IrDACmd
                0x00000000080017f8                USART_GetFlagStatus
                0x0000000008001804                USART_ClearFlag
                0x000000000800180c                USART_GetITStatus
                0x000000000800184c                USART_ClearITPendingBit
 .text          0x000000000800185c      0xc78 ./lib/STM32F10x_StdPeriph_Driver/src/stm32f10x_tim.o
                0x0000000008001940                TIM_DeInit
                0x0000000008001b08                TIM_TimeBaseInit
                0x0000000008001b9c                TIM_OC1Init
                0x0000000008001c24                TIM_OC2Init
                0x0000000008001ca4                TIM_OC3Init
                0x0000000008001d20                TIM_OC4Init
                0x0000000008001d88                TIM_BDTRConfig
                0x0000000008001daa                TIM_TimeBaseStructInit
                0x0000000008001dbc                TIM_OCStructInit
                0x0000000008001dd0                TIM_ICStructInit
                0x0000000008001de0                TIM_BDTRStructInit
                0x0000000008001df2                TIM_Cmd
                0x0000000008001e0a                TIM_CtrlPWMOutputs
                0x0000000008001e26                TIM_GenerateEvent
                0x0000000008001e2a                TIM_DMAConfig
                0x0000000008001e32                TIM_DMACmd
                0x0000000008001e44                TIM_ITConfig
                0x0000000008001e48                TIM_InternalClockConfig
                0x0000000008001e56                TIM_ITRxExternalClockConfig
                0x0000000008001e70                TIM_TIxExternalClockConfig
                0x0000000008001ea4                TIM_ETRConfig
                0x0000000008001eb8                TIM_ETRClockMode1Config
                0x0000000008001ed0                TIM_ETRClockMode2Config
                0x0000000008001ee2                TIM_PrescalerConfig
                0x0000000008001ee8                TIM_CounterModeConfig
                0x0000000008001ef8                TIM_SelectInputTrigger
                0x0000000008001f08                TIM_EncoderInterfaceConfig
                0x0000000008001f46                TIM_ForcedOC1Config
                0x0000000008001f56                TIM_ForcedOC2Config
                0x0000000008001f6a                TIM_ForcedOC3Config
                0x0000000008001f7a                TIM_ForcedOC4Config
                0x0000000008001f8e                TIM_ARRPreloadConfig
                0x0000000008001fa6                TIM_SelectCOM
                0x0000000008001fbe                TIM_SelectCCDMA
                0x0000000008001fd6                TIM_CCPreloadControl
                0x0000000008001fee                TIM_OC1PreloadConfig
                0x0000000008001ffe                TIM_OC2PreloadConfig
                0x0000000008002012                TIM_OC3PreloadConfig
                0x0000000008002022                TIM_OC4PreloadConfig
                0x0000000008002036                TIM_OC1FastConfig
                0x0000000008002046                TIM_OC2FastConfig
                0x000000000800205a                TIM_OC3FastConfig
                0x000000000800206a                TIM_OC4FastConfig
                0x000000000800207e                TIM_ClearOC1Ref
                0x000000000800208e                TIM_ClearOC2Ref
                0x000000000800209e                TIM_ClearOC3Ref
                0x00000000080020ae                TIM_ClearOC4Ref
                0x00000000080020be                TIM_OC1PolarityConfig
                0x00000000080020ce                TIM_OC1NPolarityConfig
                0x00000000080020de                TIM_OC2PolarityConfig
                0x00000000080020f2                TIM_OC2NPolarityConfig
                0x0000000008002106                TIM_OC3PolarityConfig
                0x000000000800211a                TIM_OC3NPolarityConfig
                0x000000000800212e                TIM_OC4PolarityConfig
                0x0000000008002142                TIM_CCxCmd
                0x0000000008002160                TIM_CCxNCmd
                0x000000000800217e                TIM_SelectOCxM
                0x00000000080021c0                TIM_UpdateDisableConfig
                0x00000000080021d8                TIM_UpdateRequestConfig
                0x00000000080021f0                TIM_SelectHallSensor
                0x0000000008002208                TIM_SelectOnePulseMode
                0x000000000800221e                TIM_SelectOutputTrigger
                0x0000000008002234                TIM_SelectSlaveMode
                0x000000000800224a                TIM_SelectMasterSlaveMode
                0x0000000008002260                TIM_SetCounter
                0x0000000008002264                TIM_SetAutoreload
                0x0000000008002268                TIM_SetCompare1
                0x000000000800226c                TIM_SetCompare2
                0x0000000008002270                TIM_SetCompare3
                0x0000000008002274                TIM_SetCompare4
                0x000000000800227a                TIM_SetIC1Prescaler
                0x0000000008002290                TIM_SetIC2Prescaler
                0x00000000080022aa                TIM_PWMIConfig
                0x000000000800230a                TIM_SetIC3Prescaler
                0x0000000008002320                TIM_SetIC4Prescaler
                0x000000000800233a                TIM_ICInit
                0x0000000008002464                TIM_SetClockDivision
                0x000000000800247a                TIM_GetCapture1
                0x0000000008002480                TIM_GetCapture2
                0x0000000008002486                TIM_GetCapture3
                0x000000000800248c                TIM_GetCapture4
                0x0000000008002494                TIM_GetCounter
                0x000000000800249a                TIM_GetPrescaler
                0x00000000080024a0                TIM_GetFlagStatus
                0x00000000080024ac                TIM_ClearFlag
                0x00000000080024b4                TIM_GetITStatus
                0x00000000080024ca                TIM_ClearITPendingBit
 .text          0x00000000080024d4       0xb4 ./lib/STM32F10x_StdPeriph_Driver/src/misc.o
                0x00000000080024d4                NVIC_PriorityGroupConfig
                0x00000000080024e8                NVIC_Init
                0x0000000008002544                NVIC_SetVectorTable
                0x0000000008002558                NVIC_SystemLPConfig
                0x0000000008002570                SysTick_CLKSourceConfig
 .text          0x0000000008002588      0x38c ./src/main.o
                0x0000000008002588                motor_cb(roberto_msgs::MotorState const&)
                0x00000000080027f8                USART1_IRQHandler
                0x00000000080028a4                EXTI2_IRQHandler
                0x00000000080028c8                HardFault_Handler
                0x00000000080028e0                hard_fault_handler_c
                0x0000000008002910                assert_failed(unsigned char*, unsigned long)
 .text._ZNK8std_msgs4Time9serializeEPh
                0x0000000008002914       0x28 ./src/main.o
                0x0000000008002914                std_msgs::Time::serialize(unsigned char*) const
 .text._ZN8std_msgs4Time11deserializeEPh
                0x000000000800293c       0x3c ./src/main.o
                0x000000000800293c                std_msgs::Time::deserialize(unsigned char*)
 .text._ZN8std_msgs4Time7getTypeEv
                0x0000000008002978        0x8 ./src/main.o
                0x0000000008002978                std_msgs::Time::getType()
 .text._ZN8std_msgs4Time6getMD5Ev
                0x0000000008002980        0x8 ./src/main.o
                0x0000000008002980                std_msgs::Time::getMD5()
 .text._ZN14rosserial_msgs9TopicInfo11deserializeEPh
                0x0000000008002988       0x96 ./src/main.o
                0x0000000008002988                rosserial_msgs::TopicInfo::deserialize(unsigned char*)
 *fill*         0x0000000008002a1e        0x2 
 .text._ZN14rosserial_msgs9TopicInfo7getTypeEv
                0x0000000008002a20        0x8 ./src/main.o
                0x0000000008002a20                rosserial_msgs::TopicInfo::getType()
 .text._ZN14rosserial_msgs9TopicInfo6getMD5Ev
                0x0000000008002a28        0x8 ./src/main.o
                0x0000000008002a28                rosserial_msgs::TopicInfo::getMD5()
 .text._ZN14rosserial_msgs3Log11deserializeEPh
                0x0000000008002a30       0x2c ./src/main.o
                0x0000000008002a30                rosserial_msgs::Log::deserialize(unsigned char*)
 .text._ZN14rosserial_msgs3Log7getTypeEv
                0x0000000008002a5c        0x8 ./src/main.o
                0x0000000008002a5c                rosserial_msgs::Log::getType()
 .text._ZN14rosserial_msgs3Log6getMD5Ev
                0x0000000008002a64        0x8 ./src/main.o
                0x0000000008002a64                rosserial_msgs::Log::getMD5()
 .text._ZN14rosserial_msgs20RequestParamResponse7getTypeEv
                0x0000000008002a6c        0x8 ./src/main.o
                0x0000000008002a6c                rosserial_msgs::RequestParamResponse::getType()
 .text._ZN14rosserial_msgs20RequestParamResponse6getMD5Ev
                0x0000000008002a74        0x8 ./src/main.o
                0x0000000008002a74                rosserial_msgs::RequestParamResponse::getMD5()
 .text._ZN8std_msgs19MultiArrayDimension11deserializeEPh
                0x0000000008002a7c       0x62 ./src/main.o
                0x0000000008002a7c                std_msgs::MultiArrayDimension::deserialize(unsigned char*)
 *fill*         0x0000000008002ade        0x2 
 .text._ZN8std_msgs19MultiArrayDimension7getTypeEv
                0x0000000008002ae0        0x8 ./src/main.o
                0x0000000008002ae0                std_msgs::MultiArrayDimension::getType()
 .text._ZN8std_msgs19MultiArrayDimension6getMD5Ev
                0x0000000008002ae8        0x8 ./src/main.o
                0x0000000008002ae8                std_msgs::MultiArrayDimension::getMD5()
 .text._ZNK8std_msgs16MultiArrayLayout9serializeEPh
                0x0000000008002af0       0x4a ./src/main.o
                0x0000000008002af0                std_msgs::MultiArrayLayout::serialize(unsigned char*) const
 *fill*         0x0000000008002b3a        0x2 
 .text._ZN8std_msgs16MultiArrayLayout7getTypeEv
                0x0000000008002b3c        0x8 ./src/main.o
                0x0000000008002b3c                std_msgs::MultiArrayLayout::getType()
 .text._ZN8std_msgs16MultiArrayLayout6getMD5Ev
                0x0000000008002b44        0x8 ./src/main.o
                0x0000000008002b44                std_msgs::MultiArrayLayout::getMD5()
 .text._ZNK8std_msgs17Float32MultiArray9serializeEPh
                0x0000000008002b4c       0x56 ./src/main.o
                0x0000000008002b4c                std_msgs::Float32MultiArray::serialize(unsigned char*) const
 *fill*         0x0000000008002ba2        0x2 
 .text._ZN8std_msgs17Float32MultiArray7getTypeEv
                0x0000000008002ba4        0x8 ./src/main.o
                0x0000000008002ba4                std_msgs::Float32MultiArray::getType()
 .text._ZN8std_msgs17Float32MultiArray6getMD5Ev
                0x0000000008002bac        0x8 ./src/main.o
                0x0000000008002bac                std_msgs::Float32MultiArray::getMD5()
 .text._ZN8std_msgs6Header11deserializeEPh
                0x0000000008002bb4       0x7e ./src/main.o
                0x0000000008002bb4                std_msgs::Header::deserialize(unsigned char*)
 *fill*         0x0000000008002c32        0x2 
 .text._ZN8std_msgs6Header7getTypeEv
                0x0000000008002c34        0x8 ./src/main.o
                0x0000000008002c34                std_msgs::Header::getType()
 .text._ZN8std_msgs6Header6getMD5Ev
                0x0000000008002c3c        0x8 ./src/main.o
                0x0000000008002c3c                std_msgs::Header::getMD5()
 .text._ZN12roberto_msgs10MotorState7getTypeEv
                0x0000000008002c44        0x8 ./src/main.o
                0x0000000008002c44                roberto_msgs::MotorState::getType()
 .text._ZN12roberto_msgs10MotorState6getMD5Ev
                0x0000000008002c4c        0x8 ./src/main.o
                0x0000000008002c4c                roberto_msgs::MotorState::getMD5()
 .text._ZN3ros11NodeHandle_I13STM32HardwareLi25ELi25ELi1024ELi1024EE9connectedEv
                0x0000000008002c54        0x6 ./src/main.o
                0x0000000008002c54                ros::NodeHandle_<STM32Hardware, 25, 25, 1024, 1024>::connected()
 .text._ZN3ros10SubscriberIN12roberto_msgs10MotorStateEE15getEndpointTypeEv
                0x0000000008002c5a        0x4 ./src/main.o
                0x0000000008002c5a                ros::Subscriber<roberto_msgs::MotorState>::getEndpointType()
 *fill*         0x0000000008002c5e        0x2 
 .text._ZN3ros10SubscriberIN12roberto_msgs10MotorStateEE10getMsgTypeEv
                0x0000000008002c60        0x8 ./src/main.o
                0x0000000008002c60                ros::Subscriber<roberto_msgs::MotorState>::getMsgType()
 .text._ZN3ros10SubscriberIN12roberto_msgs10MotorStateEE9getMsgMD5Ev
                0x0000000008002c68        0x8 ./src/main.o
                0x0000000008002c68                ros::Subscriber<roberto_msgs::MotorState>::getMsgMD5()
 .text._ZNK8std_msgs6Header9serializeEPh
                0x0000000008002c70       0x58 ./src/main.o
                0x0000000008002c70                std_msgs::Header::serialize(unsigned char*) const
 .text._ZNK8std_msgs19MultiArrayDimension9serializeEPh
                0x0000000008002cc8       0x48 ./src/main.o
                0x0000000008002cc8                std_msgs::MultiArrayDimension::serialize(unsigned char*) const
 .text._ZNK14rosserial_msgs20RequestParamResponse9serializeEPh
                0x0000000008002d10       0xd4 ./src/main.o
                0x0000000008002d10                rosserial_msgs::RequestParamResponse::serialize(unsigned char*) const
 .text._ZNK14rosserial_msgs3Log9serializeEPh
                0x0000000008002de4       0x24 ./src/main.o
                0x0000000008002de4                rosserial_msgs::Log::serialize(unsigned char*) const
 .text._ZNK14rosserial_msgs9TopicInfo9serializeEPh
                0x0000000008002e08       0x76 ./src/main.o
                0x0000000008002e08                rosserial_msgs::TopicInfo::serialize(unsigned char*) const
 .text._ZN14rosserial_msgs20RequestParamResponse11deserializeEPh
                0x0000000008002e7e      0x102 ./src/main.o
                0x0000000008002e7e                rosserial_msgs::RequestParamResponse::deserialize(unsigned char*)
 .text._ZN8std_msgs16MultiArrayLayout11deserializeEPh
                0x0000000008002f80       0x78 ./src/main.o
                0x0000000008002f80                std_msgs::MultiArrayLayout::deserialize(unsigned char*)
 .text._ZN8std_msgs17Float32MultiArray11deserializeEPh
                0x0000000008002ff8       0x68 ./src/main.o
                0x0000000008002ff8                std_msgs::Float32MultiArray::deserialize(unsigned char*)
 .text._ZN3ros11NodeHandle_I13STM32HardwareLi25ELi25ELi1024ELi1024EE7publishEiPKNS_3MsgE
                0x0000000008003060      0x118 ./src/main.o
                0x0000000008003060                ros::NodeHandle_<STM32Hardware, 25, 25, 1024, 1024>::publish(int, ros::Msg const*)
 .text._ZN3ros3Msg19serializeAvrFloat64EPhf
                0x0000000008003178       0x4a ./src/main.o
                0x0000000008003178                ros::Msg::serializeAvrFloat64(unsigned char*, float)
 .text._ZNK12roberto_msgs10MotorState9serializeEPh
                0x00000000080031c2       0x40 ./src/main.o
                0x00000000080031c2                roberto_msgs::MotorState::serialize(unsigned char*) const
 .text._ZN3ros3Msg21deserializeAvrFloat64EPKhPf
                0x0000000008003202       0x50 ./src/main.o
                0x0000000008003202                ros::Msg::deserializeAvrFloat64(unsigned char const*, float*)
 .text._ZN12roberto_msgs10MotorState11deserializeEPh
                0x0000000008003252       0x48 ./src/main.o
                0x0000000008003252                roberto_msgs::MotorState::deserialize(unsigned char*)
 .text._ZN3ros10SubscriberIN12roberto_msgs10MotorStateEE8callbackEPh
                0x000000000800329a       0x18 ./src/main.o
                0x000000000800329a                ros::Subscriber<roberto_msgs::MotorState>::callback(unsigned char*)
 .text._ZN3ros9Publisher7publishEPKNS_3MsgE
                0x00000000080032b2       0x14 ./src/main.o
                0x00000000080032b2                ros::Publisher::publish(ros::Msg const*)
 *fill*         0x00000000080032c6        0x2 
 .text._ZN15UsartWithBufferC2Ei
                0x00000000080032c8       0xc0 ./src/main.o
                0x00000000080032c8                UsartWithBuffer::UsartWithBuffer(int)
                0x00000000080032c8                UsartWithBuffer::UsartWithBuffer(int)
 .text._ZN3ros11NodeHandle_I13STM32HardwareLi25ELi25ELi1024ELi1024EE15requestSyncTimeEv
                0x0000000008003388       0x28 ./src/main.o
                0x0000000008003388                ros::NodeHandle_<STM32Hardware, 25, 25, 1024, 1024>::requestSyncTime()
 .text._ZN3ros11NodeHandle_I13STM32HardwareLi25ELi25ELi1024ELi1024EE15negotiateTopicsEv
                0x00000000080033b0       0xbc ./src/main.o
                0x00000000080033b0                ros::NodeHandle_<STM32Hardware, 25, 25, 1024, 1024>::negotiateTopics()
 .text._ZN3ros11NodeHandle_I13STM32HardwareLi25ELi25ELi1024ELi1024EE8syncTimeEPh
                0x000000000800346c       0x80 ./src/main.o
                0x000000000800346c                ros::NodeHandle_<STM32Hardware, 25, 25, 1024, 1024>::syncTime(unsigned char*)
 .text._ZN3ros11NodeHandle_I13STM32HardwareLi25ELi25ELi1024ELi1024EE8spinOnceEv
                0x00000000080034ec      0x224 ./src/main.o
                0x00000000080034ec                ros::NodeHandle_<STM32Hardware, 25, 25, 1024, 1024>::spinOnce()
 .text.startup  0x0000000008003710      0xa04 ./src/main.o
                0x0000000008003710                main
 .text          0x0000000008004114       0x5c ./src/motor.o
                0x0000000008004114                motor::createMotor(motorSettings*)
                0x0000000008004154                motor::motor(motorSettings*)
                0x0000000008004154                motor::motor(motorSettings*)
                0x0000000008004160                motor::~motor()
                0x0000000008004160                motor::~motor()
                0x0000000008004162                motor::~motor()
 .text          0x0000000008004170      0x250 ./src/servo.o
                0x0000000008004170                servo::setReference(float)
                0x000000000800417e                servo::getReference()
                0x0000000008004188                servo::motorName()
                0x000000000800418e                servo::~servo()
                0x000000000800418e                servo::~servo()
                0x00000000080041a4                servo::~servo()
                0x00000000080041b6                servo::motorInit()
                0x00000000080042f0                servo::servo(motorSettings*)
                0x00000000080042f0                servo::servo(motorSettings*)
                0x0000000008004304                servo::filterUpdate(float)
                0x000000000800435c                servo::update(float, bool, bool)
 .text._ZN5servo9motorTypeEv
                0x00000000080043c0        0x4 ./src/servo.o
                0x00000000080043c0                servo::motorType()
 .text          0x00000000080043c4      0x470 ./src/DCMotor.o
                0x00000000080043c4                DCMotor::setReference(float)
                0x00000000080043c8                DCMotor::getReference()
                0x00000000080043cc                DCMotor::motorName()
                0x00000000080043d2                DCMotor::~DCMotor()
                0x00000000080043d2                DCMotor::~DCMotor()
                0x00000000080043e8                DCMotor::~DCMotor()
                0x00000000080043fa                DCMotor::motorInit()
                0x0000000008004578                DCMotor::DCMotor(motorSettings*)
                0x0000000008004578                DCMotor::DCMotor(motorSettings*)
                0x000000000800458c                DCMotor::setSpeed(int, bool)
                0x000000000800464c                DCMotor::initEncoder(unsigned short)
                0x0000000008004650                DCMotor::readEncoder()
                0x0000000008004748                DCMotor::updateRegulator(float, float, float)
                0x00000000080047d8                DCMotor::update(float, bool, bool)
 .text._ZN7DCMotor9motorTypeEv
                0x0000000008004834        0x4 ./src/DCMotor.o
                0x0000000008004834                DCMotor::motorType()
 .text          0x0000000008004838       0x46 ./src/motorSettings.o
                0x0000000008004838                motorSettings::motorSettings()
                0x0000000008004838                motorSettings::motorSettings()
                0x000000000800483e                motorSettings::motorSettings(int, char const*, TIM_TypeDef*, int)
                0x000000000800483e                motorSettings::motorSettings(int, char const*, TIM_TypeDef*, int)
                0x000000000800484a                motorSettings::setDCPins(int, GPIO_TypeDef*, int, GPIO_TypeDef*, int, GPIO_TypeDef*, int, GPIO_TypeDef*, int, GPIO_TypeDef*)
                0x000000000800486e                motorSettings::setRegulator(float, float, float, float, float)
 *fill*         0x000000000800487e        0x2 
 .text          0x0000000008004880       0x7c ./src/LibraryHacks.o
                0x0000000008004880                __gnu_cxx::__verbose_terminate_handler()
                0x0000000008004882                __cxa_pure_virtual
                0x0000000008004884                operator new(unsigned int)
                0x0000000008004888                operator new(unsigned int, void*)
                0x000000000800488c                operator new[](unsigned int)
                0x0000000008004890                operator new[](unsigned int, void*)
                0x0000000008004894                operator delete(void*)
                0x0000000008004898                operator delete[](void*)
                0x000000000800489c                __wrap___aeabi_unwind_cpp_pr0
                0x000000000800489e                __wrap___aeabi_unwind_cpp_pr1
                0x00000000080048a0                __wrap___aeabi_unwind_cpp_pr2
                0x00000000080048a2                _sbrk
                0x00000000080048c0                abort
                0x00000000080048c2                _init
                0x00000000080048e0                _fini
 .text          0x00000000080048fc       0x74 ./lib/ros_lib/time.o
                0x00000000080048fc                ros::normalizeSecNSec(unsigned long&, unsigned long&)
                0x0000000008004918                ros::Time::fromNSec(long)
                0x0000000008004938                ros::Time::operator+=(ros::Duration const&)
                0x0000000008004954                ros::Time::operator-=(ros::Duration const&)
 .text._ZNK10__cxxabiv117__class_type_info11__do_upcastEPKS0_PPv
                0x0000000008004970       0x38 /opt/gcc-arm/gcc-arm-none-eabi-6_2-2016q4/bin/../lib/gcc/arm-none-eabi/6.2.1/../../../../arm-none-eabi/lib/thumb/v7-m/libstdc++.a(class_type_info.o)
                0x0000000008004970                __cxxabiv1::__class_type_info::__do_upcast(__cxxabiv1::__class_type_info const*, void**) const
 .text._ZNK10__cxxabiv117__class_type_info20__do_find_public_srcEiPKvPKS0_S2_
                0x00000000080049a8        0xc /opt/gcc-arm/gcc-arm-none-eabi-6_2-2016q4/bin/../lib/gcc/arm-none-eabi/6.2.1/../../../../arm-none-eabi/lib/thumb/v7-m/libstdc++.a(class_type_info.o)
                0x00000000080049a8                __cxxabiv1::__class_type_info::__do_find_public_src(int, void const*, __cxxabiv1::__class_type_info const*, void const*) const
 .text._ZN10__cxxabiv117__class_type_infoD2Ev
                0x00000000080049b4       0x14 /opt/gcc-arm/gcc-arm-none-eabi-6_2-2016q4/bin/../lib/gcc/arm-none-eabi/6.2.1/../../../../arm-none-eabi/lib/thumb/v7-m/libstdc++.a(class_type_info.o)
                0x00000000080049b4                __cxxabiv1::__class_type_info::~__class_type_info()
                0x00000000080049b4                __cxxabiv1::__class_type_info::~__class_type_info()
 .text._ZN10__cxxabiv117__class_type_infoD0Ev
                0x00000000080049c8       0x1c /opt/gcc-arm/gcc-arm-none-eabi-6_2-2016q4/bin/../lib/gcc/arm-none-eabi/6.2.1/../../../../arm-none-eabi/lib/thumb/v7-m/libstdc++.a(class_type_info.o)
                0x00000000080049c8                __cxxabiv1::__class_type_info::~__class_type_info()
 .text._ZNK10__cxxabiv117__class_type_info11__do_upcastEPKS0_PKvRNS0_15__upcast_resultE
                0x00000000080049e4       0x18 /opt/gcc-arm/gcc-arm-none-eabi-6_2-2016q4/bin/../lib/gcc/arm-none-eabi/6.2.1/../../../../arm-none-eabi/lib/thumb/v7-m/libstdc++.a(class_type_info.o)
                0x00000000080049e4                __cxxabiv1::__class_type_info::__do_upcast(__cxxabiv1::__class_type_info const*, void const*, __cxxabiv1::__class_type_info::__upcast_result&) const
 .text._ZNK10__cxxabiv117__class_type_info10__do_catchEPKSt9type_infoPPvj
                0x00000000080049fc       0x2c /opt/gcc-arm/gcc-arm-none-eabi-6_2-2016q4/bin/../lib/gcc/arm-none-eabi/6.2.1/../../../../arm-none-eabi/lib/thumb/v7-m/libstdc++.a(class_type_info.o)
                0x00000000080049fc                __cxxabiv1::__class_type_info::__do_catch(std::type_info const*, void**, unsigned int) const
 .text._ZNK10__cxxabiv117__class_type_info12__do_dyncastEiNS0_10__sub_kindEPKS0_PKvS3_S5_RNS0_16__dyncast_resultE
                0x0000000008004a28       0x40 /opt/gcc-arm/gcc-arm-none-eabi-6_2-2016q4/bin/../lib/gcc/arm-none-eabi/6.2.1/../../../../arm-none-eabi/lib/thumb/v7-m/libstdc++.a(class_type_info.o)
                0x0000000008004a28                __cxxabiv1::__class_type_info::__do_dyncast(int, __cxxabiv1::__class_type_info::__sub_kind, __cxxabiv1::__class_type_info const*, void const*, __cxxabiv1::__class_type_info const*, void const*, __cxxabiv1::__class_type_info::__dyncast_result&) const
 .text.__cxa_end_cleanup
                0x0000000008004a68        0xc /opt/gcc-arm/gcc-arm-none-eabi-6_2-2016q4/bin/../lib/gcc/arm-none-eabi/6.2.1/../../../../arm-none-eabi/lib/thumb/v7-m/libstdc++.a(eh_arm.o)
                0x0000000008004a68                __cxa_end_cleanup
 .text.__cxa_type_match
                0x0000000008004a74       0xb8 /opt/gcc-arm/gcc-arm-none-eabi-6_2-2016q4/bin/../lib/gcc/arm-none-eabi/6.2.1/../../../../arm-none-eabi/lib/thumb/v7-m/libstdc++.a(eh_arm.o)
                0x0000000008004a74                __cxa_type_match
 .text.__cxa_begin_cleanup
                0x0000000008004b2c       0x64 /opt/gcc-arm/gcc-arm-none-eabi-6_2-2016q4/bin/../lib/gcc/arm-none-eabi/6.2.1/../../../../arm-none-eabi/lib/thumb/v7-m/libstdc++.a(eh_arm.o)
                0x0000000008004b2c                __cxa_begin_cleanup
 .text.__gnu_end_cleanup
                0x0000000008004b90       0x70 /opt/gcc-arm/gcc-arm-none-eabi-6_2-2016q4/bin/../lib/gcc/arm-none-eabi/6.2.1/../../../../arm-none-eabi/lib/thumb/v7-m/libstdc++.a(eh_arm.o)
                0x0000000008004b90                __gnu_end_cleanup
 .text.__cxa_get_globals_fast
                0x0000000008004c00        0x8 /opt/gcc-arm/gcc-arm-none-eabi-6_2-2016q4/bin/../lib/gcc/arm-none-eabi/6.2.1/../../../../arm-none-eabi/lib/thumb/v7-m/libstdc++.a(eh_globals.o)
                0x0000000008004c00                __cxa_get_globals_fast
 .text.__cxa_get_globals
                0x0000000008004c08        0x8 /opt/gcc-arm/gcc-arm-none-eabi-6_2-2016q4/bin/../lib/gcc/arm-none-eabi/6.2.1/../../../../arm-none-eabi/lib/thumb/v7-m/libstdc++.a(eh_globals.o)
                0x0000000008004c08                __cxa_get_globals
 .text._ZNSt13bad_exceptionD2Ev
                0x0000000008004c10        0x4 /opt/gcc-arm/gcc-arm-none-eabi-6_2-2016q4/bin/../lib/gcc/arm-none-eabi/6.2.1/../../../../arm-none-eabi/lib/thumb/v7-m/libstdc++.a(eh_exception.o)
                0x0000000008004c10                std::bad_exception::~bad_exception()
                0x0000000008004c10                std::bad_exception::~bad_exception()
 .text._ZGTtNKSt13bad_exception4whatEv
                0x0000000008004c14        0x8 /opt/gcc-arm/gcc-arm-none-eabi-6_2-2016q4/bin/../lib/gcc/arm-none-eabi/6.2.1/../../../../arm-none-eabi/lib/thumb/v7-m/libstdc++.a(eh_exception.o)
                0x0000000008004c14                transaction clone for std::bad_exception::what() const
                0x0000000008004c14                std::bad_exception::what() const
 .text._ZNSt13bad_exceptionD0Ev
                0x0000000008004c1c       0x10 /opt/gcc-arm/gcc-arm-none-eabi-6_2-2016q4/bin/../lib/gcc/arm-none-eabi/6.2.1/../../../../arm-none-eabi/lib/thumb/v7-m/libstdc++.a(eh_exception.o)
                0x0000000008004c1c                std::bad_exception::~bad_exception()
 .text._ZN10__cxxabiv120__si_class_type_infoD2Ev
                0x0000000008004c2c       0x14 /opt/gcc-arm/gcc-arm-none-eabi-6_2-2016q4/bin/../lib/gcc/arm-none-eabi/6.2.1/../../../../arm-none-eabi/lib/thumb/v7-m/libstdc++.a(si_class_type_info.o)
                0x0000000008004c2c                __cxxabiv1::__si_class_type_info::~__si_class_type_info()
                0x0000000008004c2c                __cxxabiv1::__si_class_type_info::~__si_class_type_info()
 .text._ZN10__cxxabiv120__si_class_type_infoD0Ev
                0x0000000008004c40       0x1c /opt/gcc-arm/gcc-arm-none-eabi-6_2-2016q4/bin/../lib/gcc/arm-none-eabi/6.2.1/../../../../arm-none-eabi/lib/thumb/v7-m/libstdc++.a(si_class_type_info.o)
                0x0000000008004c40                __cxxabiv1::__si_class_type_info::~__si_class_type_info()
 .text._ZNK10__cxxabiv120__si_class_type_info20__do_find_public_srcEiPKvPKNS_17__class_type_infoES2_
                0x0000000008004c5c       0x3c /opt/gcc-arm/gcc-arm-none-eabi-6_2-2016q4/bin/../lib/gcc/arm-none-eabi/6.2.1/../../../../arm-none-eabi/lib/thumb/v7-m/libstdc++.a(si_class_type_info.o)
                0x0000000008004c5c                __cxxabiv1::__si_class_type_info::__do_find_public_src(int, void const*, __cxxabiv1::__class_type_info const*, void const*) const
 .text._ZNK10__cxxabiv120__si_class_type_info12__do_dyncastEiNS_17__class_type_info10__sub_kindEPKS1_PKvS4_S6_RNS1_16__dyncast_resultE
                0x0000000008004c98       0x98 /opt/gcc-arm/gcc-arm-none-eabi-6_2-2016q4/bin/../lib/gcc/arm-none-eabi/6.2.1/../../../../arm-none-eabi/lib/thumb/v7-m/libstdc++.a(si_class_type_info.o)
                0x0000000008004c98                __cxxabiv1::__si_class_type_info::__do_dyncast(int, __cxxabiv1::__class_type_info::__sub_kind, __cxxabiv1::__class_type_info const*, void const*, __cxxabiv1::__class_type_info const*, void const*, __cxxabiv1::__class_type_info::__dyncast_result&) const
 .text._ZNK10__cxxabiv120__si_class_type_info11__do_upcastEPKNS_17__class_type_infoEPKvRNS1_15__upcast_resultE
                0x0000000008004d30       0x2c /opt/gcc-arm/gcc-arm-none-eabi-6_2-2016q4/bin/../lib/gcc/arm-none-eabi/6.2.1/../../../../arm-none-eabi/lib/thumb/v7-m/libstdc++.a(si_class_type_info.o)
                0x0000000008004d30                __cxxabiv1::__si_class_type_info::__do_upcast(__cxxabiv1::__class_type_info const*, void const*, __cxxabiv1::__class_type_info::__upcast_result&) const
 .text._ZdlPvj  0x0000000008004d5c        0x4 /opt/gcc-arm/gcc-arm-none-eabi-6_2-2016q4/bin/../lib/gcc/arm-none-eabi/6.2.1/../../../../arm-none-eabi/lib/thumb/v7-m/libstdc++.a(del_ops.o)
                0x0000000008004d5c                operator delete(void*, unsigned int)
 .text._ZL28read_encoded_value_with_basehjPKhPj
                0x0000000008004d60       0xc0 /opt/gcc-arm/gcc-arm-none-eabi-6_2-2016q4/bin/../lib/gcc/arm-none-eabi/6.2.1/../../../../arm-none-eabi/lib/thumb/v7-m/libstdc++.a(eh_personality.o)
 .text._ZL21base_of_encoded_valuehP15_Unwind_Context
                0x0000000008004e20       0x40 /opt/gcc-arm/gcc-arm-none-eabi-6_2-2016q4/bin/../lib/gcc/arm-none-eabi/6.2.1/../../../../arm-none-eabi/lib/thumb/v7-m/libstdc++.a(eh_personality.o)
 .text._ZL17parse_lsda_headerP15_Unwind_ContextPKhP16lsda_header_info
                0x0000000008004e60       0x94 /opt/gcc-arm/gcc-arm-none-eabi-6_2-2016q4/bin/../lib/gcc/arm-none-eabi/6.2.1/../../../../arm-none-eabi/lib/thumb/v7-m/libstdc++.a(eh_personality.o)
 .text.__gxx_personality_v0
                0x0000000008004ef4      0x4bc /opt/gcc-arm/gcc-arm-none-eabi-6_2-2016q4/bin/../lib/gcc/arm-none-eabi/6.2.1/../../../../arm-none-eabi/lib/thumb/v7-m/libstdc++.a(eh_personality.o)
                0x0000000008004ef4                __gxx_personality_v0
 .text._ZN10__cxxabiv111__terminateEPFvvE
                0x00000000080053b0       0x28 /opt/gcc-arm/gcc-arm-none-eabi-6_2-2016q4/bin/../lib/gcc/arm-none-eabi/6.2.1/../../../../arm-none-eabi/lib/thumb/v7-m/libstdc++.a(eh_terminate.o)
                0x00000000080053b0                __cxxabiv1::__terminate(void (*)())
 .text._ZSt9terminatev
                0x00000000080053d8       0x14 /opt/gcc-arm/gcc-arm-none-eabi-6_2-2016q4/bin/../lib/gcc/arm-none-eabi/6.2.1/../../../../arm-none-eabi/lib/thumb/v7-m/libstdc++.a(eh_terminate.o)
                0x00000000080053d8                std::terminate()
 .text._ZN10__cxxabiv112__unexpectedEPFvvE
                0x00000000080053ec        0x8 /opt/gcc-arm/gcc-arm-none-eabi-6_2-2016q4/bin/../lib/gcc/arm-none-eabi/6.2.1/../../../../arm-none-eabi/lib/thumb/v7-m/libstdc++.a(eh_terminate.o)
                0x00000000080053ec                __cxxabiv1::__unexpected(void (*)())
 .text._ZSt10unexpectedv
                0x00000000080053f4       0x14 /opt/gcc-arm/gcc-arm-none-eabi-6_2-2016q4/bin/../lib/gcc/arm-none-eabi/6.2.1/../../../../arm-none-eabi/lib/thumb/v7-m/libstdc++.a(eh_terminate.o)
                0x00000000080053f4                std::unexpected()
 .text._ZSt13get_terminatev
                0x0000000008005408       0x10 /opt/gcc-arm/gcc-arm-none-eabi-6_2-2016q4/bin/../lib/gcc/arm-none-eabi/6.2.1/../../../../arm-none-eabi/lib/thumb/v7-m/libstdc++.a(eh_terminate.o)
                0x0000000008005408                std::get_terminate()
 .text._ZSt14get_unexpectedv
                0x0000000008005418       0x10 /opt/gcc-arm/gcc-arm-none-eabi-6_2-2016q4/bin/../lib/gcc/arm-none-eabi/6.2.1/../../../../arm-none-eabi/lib/thumb/v7-m/libstdc++.a(eh_terminate.o)
                0x0000000008005418                std::get_unexpected()
 .text._ZNSt9type_infoD2Ev
                0x0000000008005428        0x4 /opt/gcc-arm/gcc-arm-none-eabi-6_2-2016q4/bin/../lib/gcc/arm-none-eabi/6.2.1/../../../../arm-none-eabi/lib/thumb/v7-m/libstdc++.a(tinfo.o)
                0x0000000008005428                std::type_info::~type_info()
                0x0000000008005428                std::type_info::~type_info()
 .text._ZNKSt9type_info15__is_function_pEv
                0x000000000800542c        0x4 /opt/gcc-arm/gcc-arm-none-eabi-6_2-2016q4/bin/../lib/gcc/arm-none-eabi/6.2.1/../../../../arm-none-eabi/lib/thumb/v7-m/libstdc++.a(tinfo.o)
                0x000000000800542c                std::type_info::__is_function_p() const
                0x000000000800542c                std::type_info::__is_pointer_p() const
 .text._ZNKSt9type_infoeqERKS_
                0x0000000008005430       0x2c /opt/gcc-arm/gcc-arm-none-eabi-6_2-2016q4/bin/../lib/gcc/arm-none-eabi/6.2.1/../../../../arm-none-eabi/lib/thumb/v7-m/libstdc++.a(tinfo.o)
                0x0000000008005430                std::type_info::operator==(std::type_info const&) const
 .text._ZN10__cxxabiv1L24__is_gxx_exception_classEPc
                0x000000000800545c       0x3c /opt/gcc-arm/gcc-arm-none-eabi-6_2-2016q4/bin/../lib/gcc/arm-none-eabi/6.2.1/../../../../arm-none-eabi/lib/thumb/v7-m/libstdc++.a(eh_call.o)
 .text.__cxa_call_terminate
                0x0000000008005498       0x20 /opt/gcc-arm/gcc-arm-none-eabi-6_2-2016q4/bin/../lib/gcc/arm-none-eabi/6.2.1/../../../../arm-none-eabi/lib/thumb/v7-m/libstdc++.a(eh_call.o)
                0x0000000008005498                __cxa_call_terminate
 .text.__cxa_call_unexpected
                0x00000000080054b8       0xe4 /opt/gcc-arm/gcc-arm-none-eabi-6_2-2016q4/bin/../lib/gcc/arm-none-eabi/6.2.1/../../../../arm-none-eabi/lib/thumb/v7-m/libstdc++.a(eh_call.o)
                0x00000000080054b8                __cxa_call_unexpected
 .text.__cxa_begin_catch
                0x000000000800559c       0x80 /opt/gcc-arm/gcc-arm-none-eabi-6_2-2016q4/bin/../lib/gcc/arm-none-eabi/6.2.1/../../../../arm-none-eabi/lib/thumb/v7-m/libstdc++.a(eh_catch.o)
                0x000000000800559c                __cxa_begin_catch
 .text.__cxa_end_catch
                0x000000000800561c       0x8c /opt/gcc-arm/gcc-arm-none-eabi-6_2-2016q4/bin/../lib/gcc/arm-none-eabi/6.2.1/../../../../arm-none-eabi/lib/thumb/v7-m/libstdc++.a(eh_catch.o)
                0x000000000800561c                __cxa_end_catch
 .text._ZN12_GLOBAL__N_14pool4freeEPv.constprop.4
                0x00000000080056a8       0x7c /opt/gcc-arm/gcc-arm-none-eabi-6_2-2016q4/bin/../lib/gcc/arm-none-eabi/6.2.1/../../../../arm-none-eabi/lib/thumb/v7-m/libstdc++.a(eh_alloc.o)
 .text._ZN12_GLOBAL__N_14pool8allocateEj.constprop.5
                0x0000000008005724       0x68 /opt/gcc-arm/gcc-arm-none-eabi-6_2-2016q4/bin/../lib/gcc/arm-none-eabi/6.2.1/../../../../arm-none-eabi/lib/thumb/v7-m/libstdc++.a(eh_alloc.o)
 .text.__cxa_allocate_exception
                0x000000000800578c       0x30 /opt/gcc-arm/gcc-arm-none-eabi-6_2-2016q4/bin/../lib/gcc/arm-none-eabi/6.2.1/../../../../arm-none-eabi/lib/thumb/v7-m/libstdc++.a(eh_alloc.o)
                0x000000000800578c                __cxa_allocate_exception
 .text.__cxa_free_exception
                0x00000000080057bc       0x20 /opt/gcc-arm/gcc-arm-none-eabi-6_2-2016q4/bin/../lib/gcc/arm-none-eabi/6.2.1/../../../../arm-none-eabi/lib/thumb/v7-m/libstdc++.a(eh_alloc.o)
                0x00000000080057bc                __cxa_free_exception
 .text.startup._GLOBAL__sub_I__ZN9__gnu_cxx9__freeresEv
                0x00000000080057dc       0x28 /opt/gcc-arm/gcc-arm-none-eabi-6_2-2016q4/bin/../lib/gcc/arm-none-eabi/6.2.1/../../../../arm-none-eabi/lib/thumb/v7-m/libstdc++.a(eh_alloc.o)
 .text._ZL23__gxx_exception_cleanup19_Unwind_Reason_CodeP21_Unwind_Control_Block
                0x0000000008005804       0x44 /opt/gcc-arm/gcc-arm-none-eabi-6_2-2016q4/bin/../lib/gcc/arm-none-eabi/6.2.1/../../../../arm-none-eabi/lib/thumb/v7-m/libstdc++.a(eh_throw.o)
 .text.__cxa_throw
                0x0000000008005848       0x80 /opt/gcc-arm/gcc-arm-none-eabi-6_2-2016q4/bin/../lib/gcc/arm-none-eabi/6.2.1/../../../../arm-none-eabi/lib/thumb/v7-m/libstdc++.a(eh_throw.o)
                0x0000000008005848                __cxa_throw
 .text.__cxa_rethrow
                0x00000000080058c8       0x70 /opt/gcc-arm/gcc-arm-none-eabi-6_2-2016q4/bin/../lib/gcc/arm-none-eabi/6.2.1/../../../../arm-none-eabi/lib/thumb/v7-m/libstdc++.a(eh_throw.o)
                0x00000000080058c8                __cxa_rethrow
 .text.sin      0x0000000008005938       0x90 /opt/gcc-arm/gcc-arm-none-eabi-6_2-2016q4/bin/../lib/gcc/arm-none-eabi/6.2.1/../../../../arm-none-eabi/lib/thumb/v7-m/libm.a(lib_a-s_sin.o)
                0x0000000008005938                sin
 .text.atanf    0x00000000080059c8      0x22c /opt/gcc-arm/gcc-arm-none-eabi-6_2-2016q4/bin/../lib/gcc/arm-none-eabi/6.2.1/../../../../arm-none-eabi/lib/thumb/v7-m/libm.a(lib_a-sf_atan.o)
                0x00000000080059c8                atanf
 .text.cosf     0x0000000008005bf4       0x78 /opt/gcc-arm/gcc-arm-none-eabi-6_2-2016q4/bin/../lib/gcc/arm-none-eabi/6.2.1/../../../../arm-none-eabi/lib/thumb/v7-m/libm.a(lib_a-sf_cos.o)
                0x0000000008005bf4                cosf
 .text.fabsf    0x0000000008005c6c        0x8 /opt/gcc-arm/gcc-arm-none-eabi-6_2-2016q4/bin/../lib/gcc/arm-none-eabi/6.2.1/../../../../arm-none-eabi/lib/thumb/v7-m/libm.a(lib_a-sf_fabs.o)
                0x0000000008005c6c                fabsf
 .text.sinf     0x0000000008005c74       0x7c /opt/gcc-arm/gcc-arm-none-eabi-6_2-2016q4/bin/../lib/gcc/arm-none-eabi/6.2.1/../../../../arm-none-eabi/lib/thumb/v7-m/libm.a(lib_a-sf_sin.o)
                0x0000000008005c74                sinf
 .text.sqrt     0x0000000008005cf0       0xbc /opt/gcc-arm/gcc-arm-none-eabi-6_2-2016q4/bin/../lib/gcc/arm-none-eabi/6.2.1/../../../../arm-none-eabi/lib/thumb/v7-m/libm.a(lib_a-w_sqrt.o)
                0x0000000008005cf0                sqrt
 .text.sqrtf    0x0000000008005dac       0xa0 /opt/gcc-arm/gcc-arm-none-eabi-6_2-2016q4/bin/../lib/gcc/arm-none-eabi/6.2.1/../../../../arm-none-eabi/lib/thumb/v7-m/libm.a(lib_a-wf_sqrt.o)
                0x0000000008005dac                sqrtf
 *fill*         0x0000000008005e4c        0x4 
 .text.__ieee754_rem_pio2
                0x0000000008005e50      0x42c /opt/gcc-arm/gcc-arm-none-eabi-6_2-2016q4/bin/../lib/gcc/arm-none-eabi/6.2.1/../../../../arm-none-eabi/lib/thumb/v7-m/libm.a(lib_a-e_rem_pio2.o)
                0x0000000008005e50                __ieee754_rem_pio2
 .text.__ieee754_sqrt
                0x000000000800627c      0x178 /opt/gcc-arm/gcc-arm-none-eabi-6_2-2016q4/bin/../lib/gcc/arm-none-eabi/6.2.1/../../../../arm-none-eabi/lib/thumb/v7-m/libm.a(lib_a-e_sqrt.o)
                0x000000000800627c                __ieee754_sqrt
 .text.__ieee754_rem_pio2f
                0x00000000080063f4      0x2dc /opt/gcc-arm/gcc-arm-none-eabi-6_2-2016q4/bin/../lib/gcc/arm-none-eabi/6.2.1/../../../../arm-none-eabi/lib/thumb/v7-m/libm.a(lib_a-ef_rem_pio2.o)
                0x00000000080063f4                __ieee754_rem_pio2f
 .text.__ieee754_sqrtf
                0x00000000080066d0       0xa8 /opt/gcc-arm/gcc-arm-none-eabi-6_2-2016q4/bin/../lib/gcc/arm-none-eabi/6.2.1/../../../../arm-none-eabi/lib/thumb/v7-m/libm.a(lib_a-ef_sqrt.o)
                0x00000000080066d0                __ieee754_sqrtf
 .text.__kernel_cos
                0x0000000008006778      0x248 /opt/gcc-arm/gcc-arm-none-eabi-6_2-2016q4/bin/../lib/gcc/arm-none-eabi/6.2.1/../../../../arm-none-eabi/lib/thumb/v7-m/libm.a(lib_a-k_cos.o)
                0x0000000008006778                __kernel_cos
 .text.__kernel_rem_pio2
                0x00000000080069c0      0x88c /opt/gcc-arm/gcc-arm-none-eabi-6_2-2016q4/bin/../lib/gcc/arm-none-eabi/6.2.1/../../../../arm-none-eabi/lib/thumb/v7-m/libm.a(lib_a-k_rem_pio2.o)
                0x00000000080069c0                __kernel_rem_pio2
 *fill*         0x000000000800724c        0x4 
 .text.__kernel_sin
                0x0000000008007250      0x16c /opt/gcc-arm/gcc-arm-none-eabi-6_2-2016q4/bin/../lib/gcc/arm-none-eabi/6.2.1/../../../../arm-none-eabi/lib/thumb/v7-m/libm.a(lib_a-k_sin.o)
                0x0000000008007250                __kernel_sin
 .text.__kernel_cosf
                0x00000000080073bc      0x188 /opt/gcc-arm/gcc-arm-none-eabi-6_2-2016q4/bin/../lib/gcc/arm-none-eabi/6.2.1/../../../../arm-none-eabi/lib/thumb/v7-m/libm.a(lib_a-kf_cos.o)
                0x00000000080073bc                __kernel_cosf
 .text.__kernel_rem_pio2f
                0x0000000008007544      0x708 /opt/gcc-arm/gcc-arm-none-eabi-6_2-2016q4/bin/../lib/gcc/arm-none-eabi/6.2.1/../../../../arm-none-eabi/lib/thumb/v7-m/libm.a(lib_a-kf_rem_pio2.o)
                0x0000000008007544                __kernel_rem_pio2f
 .text.__kernel_sinf
                0x0000000008007c4c       0xec /opt/gcc-arm/gcc-arm-none-eabi-6_2-2016q4/bin/../lib/gcc/arm-none-eabi/6.2.1/../../../../arm-none-eabi/lib/thumb/v7-m/libm.a(lib_a-kf_sin.o)
                0x0000000008007c4c                __kernel_sinf
 .text.fabs     0x0000000008007d38        0x8 /opt/gcc-arm/gcc-arm-none-eabi-6_2-2016q4/bin/../lib/gcc/arm-none-eabi/6.2.1/../../../../arm-none-eabi/lib/thumb/v7-m/libm.a(lib_a-s_fabs.o)
                0x0000000008007d38                fabs
 .text.floor    0x0000000008007d40      0x118 /opt/gcc-arm/gcc-arm-none-eabi-6_2-2016q4/bin/../lib/gcc/arm-none-eabi/6.2.1/../../../../arm-none-eabi/lib/thumb/v7-m/libm.a(lib_a-s_floor.o)
                0x0000000008007d40                floor
 .text.matherr  0x0000000008007e58        0x4 /opt/gcc-arm/gcc-arm-none-eabi-6_2-2016q4/bin/../lib/gcc/arm-none-eabi/6.2.1/../../../../arm-none-eabi/lib/thumb/v7-m/libm.a(lib_a-s_matherr.o)
                0x0000000008007e58                matherr
 *fill*         0x0000000008007e5c        0x4 
 .text.scalbn   0x0000000008007e60       0xe4 /opt/gcc-arm/gcc-arm-none-eabi-6_2-2016q4/bin/../lib/gcc/arm-none-eabi/6.2.1/../../../../arm-none-eabi/lib/thumb/v7-m/libm.a(lib_a-s_scalbn.o)
                0x0000000008007e60                scalbn
 .text.floorf   0x0000000008007f44       0x8c /opt/gcc-arm/gcc-arm-none-eabi-6_2-2016q4/bin/../lib/gcc/arm-none-eabi/6.2.1/../../../../arm-none-eabi/lib/thumb/v7-m/libm.a(lib_a-sf_floor.o)
                0x0000000008007f44                floorf
 .text.scalbnf  0x0000000008007fd0       0xb0 /opt/gcc-arm/gcc-arm-none-eabi-6_2-2016q4/bin/../lib/gcc/arm-none-eabi/6.2.1/../../../../arm-none-eabi/lib/thumb/v7-m/libm.a(lib_a-sf_scalbn.o)
                0x0000000008007fd0                scalbnf
 .text.copysign
                0x0000000008008080       0x10 /opt/gcc-arm/gcc-arm-none-eabi-6_2-2016q4/bin/../lib/gcc/arm-none-eabi/6.2.1/../../../../arm-none-eabi/lib/thumb/v7-m/libm.a(lib_a-s_copysign.o)
                0x0000000008008080                copysign
 .text.copysignf
                0x0000000008008090        0xc /opt/gcc-arm/gcc-arm-none-eabi-6_2-2016q4/bin/../lib/gcc/arm-none-eabi/6.2.1/../../../../arm-none-eabi/lib/thumb/v7-m/libm.a(lib_a-sf_copysign.o)
                0x0000000008008090                copysignf
 .text          0x000000000800809c      0x370 /opt/gcc-arm/gcc-arm-none-eabi-6_2-2016q4/bin/../lib/gcc/arm-none-eabi/6.2.1/thumb/v7-m/libgcc.a(_arm_addsubdf3.o)
                0x000000000800809c                __aeabi_drsub
                0x00000000080080a4                __aeabi_dsub
                0x00000000080080a4                __subdf3
                0x00000000080080a8                __adddf3
                0x00000000080080a8                __aeabi_dadd
                0x0000000008008320                __aeabi_ui2d
                0x0000000008008320                __floatunsidf
                0x0000000008008340                __floatsidf
                0x0000000008008340                __aeabi_i2d
                0x0000000008008364                __extendsfdf2
                0x0000000008008364                __aeabi_f2d
                0x00000000080083a0                __aeabi_ul2d
                0x00000000080083a0                __floatundidf
                0x00000000080083b0                __floatdidf
                0x00000000080083b0                __aeabi_l2d
 .text          0x000000000800840c      0x424 /opt/gcc-arm/gcc-arm-none-eabi-6_2-2016q4/bin/../lib/gcc/arm-none-eabi/6.2.1/thumb/v7-m/libgcc.a(_arm_muldivdf3.o)
                0x000000000800840c                __aeabi_dmul
                0x000000000800840c                __muldf3
                0x0000000008008660                __aeabi_ddiv
                0x0000000008008660                __divdf3
 .text          0x0000000008008830      0x110 /opt/gcc-arm/gcc-arm-none-eabi-6_2-2016q4/bin/../lib/gcc/arm-none-eabi/6.2.1/thumb/v7-m/libgcc.a(_arm_cmpdf2.o)
                0x0000000008008830                __gtdf2
                0x0000000008008830                __gedf2
                0x0000000008008838                __ltdf2
                0x0000000008008838                __ledf2
                0x0000000008008840                __cmpdf2
                0x0000000008008840                __eqdf2
                0x0000000008008840                __nedf2
                0x00000000080088bc                __aeabi_cdrcmple
                0x00000000080088cc                __aeabi_cdcmple
                0x00000000080088cc                __aeabi_cdcmpeq
                0x00000000080088dc                __aeabi_dcmpeq
                0x00000000080088f0                __aeabi_dcmplt
                0x0000000008008904                __aeabi_dcmple
                0x0000000008008918                __aeabi_dcmpge
                0x000000000800892c                __aeabi_dcmpgt
 .text          0x0000000008008940       0x2c /opt/gcc-arm/gcc-arm-none-eabi-6_2-2016q4/bin/../lib/gcc/arm-none-eabi/6.2.1/thumb/v7-m/libgcc.a(_arm_unorddf2.o)
                0x0000000008008940                __aeabi_dcmpun
                0x0000000008008940                __unorddf2
 .text          0x000000000800896c       0x50 /opt/gcc-arm/gcc-arm-none-eabi-6_2-2016q4/bin/../lib/gcc/arm-none-eabi/6.2.1/thumb/v7-m/libgcc.a(_arm_fixdfsi.o)
                0x000000000800896c                __fixdfsi
                0x000000000800896c                __aeabi_d2iz
 .text          0x00000000080089bc       0xa0 /opt/gcc-arm/gcc-arm-none-eabi-6_2-2016q4/bin/../lib/gcc/arm-none-eabi/6.2.1/thumb/v7-m/libgcc.a(_arm_truncdfsf2.o)
                0x00000000080089bc                __aeabi_d2f
                0x00000000080089bc                __truncdfsf2
 .text          0x0000000008008a5c      0x21c /opt/gcc-arm/gcc-arm-none-eabi-6_2-2016q4/bin/../lib/gcc/arm-none-eabi/6.2.1/thumb/v7-m/libgcc.a(_arm_addsubsf3.o)
                0x0000000008008a5c                __aeabi_frsub
                0x0000000008008a64                __subsf3
                0x0000000008008a64                __aeabi_fsub
                0x0000000008008a68                __aeabi_fadd
                0x0000000008008a68                __addsf3
                0x0000000008008bc8                __aeabi_ui2f
                0x0000000008008bc8                __floatunsisf
                0x0000000008008bd0                __aeabi_i2f
                0x0000000008008bd0                __floatsisf
                0x0000000008008bec                __floatundisf
                0x0000000008008bec                __aeabi_ul2f
                0x0000000008008bfc                __floatdisf
                0x0000000008008bfc                __aeabi_l2f
 .text          0x0000000008008c78      0x2a0 /opt/gcc-arm/gcc-arm-none-eabi-6_2-2016q4/bin/../lib/gcc/arm-none-eabi/6.2.1/thumb/v7-m/libgcc.a(_arm_muldivsf3.o)
                0x0000000008008c78                __mulsf3
                0x0000000008008c78                __aeabi_fmul
                0x0000000008008de0                __divsf3
                0x0000000008008de0                __aeabi_fdiv
 .text          0x0000000008008f18       0xec /opt/gcc-arm/gcc-arm-none-eabi-6_2-2016q4/bin/../lib/gcc/arm-none-eabi/6.2.1/thumb/v7-m/libgcc.a(_arm_cmpsf2.o)
                0x0000000008008f18                __gtsf2
                0x0000000008008f18                __gesf2
                0x0000000008008f20                __lesf2
                0x0000000008008f20                __ltsf2
                0x0000000008008f28                __nesf2
                0x0000000008008f28                __eqsf2
                0x0000000008008f28                __cmpsf2
                0x0000000008008f88                __aeabi_cfrcmple
                0x0000000008008f90                __aeabi_cfcmple
                0x0000000008008f90                __aeabi_cfcmpeq
                0x0000000008008fa0                __aeabi_fcmpeq
                0x0000000008008fb4                __aeabi_fcmplt
                0x0000000008008fc8                __aeabi_fcmple
                0x0000000008008fdc                __aeabi_fcmpge
                0x0000000008008ff0                __aeabi_fcmpgt
 .text          0x0000000008009004       0x2c /opt/gcc-arm/gcc-arm-none-eabi-6_2-2016q4/bin/../lib/gcc/arm-none-eabi/6.2.1/thumb/v7-m/libgcc.a(_arm_unordsf2.o)
                0x0000000008009004                __aeabi_fcmpun
                0x0000000008009004                __unordsf2
 .text          0x0000000008009030       0x4c /opt/gcc-arm/gcc-arm-none-eabi-6_2-2016q4/bin/../lib/gcc/arm-none-eabi/6.2.1/thumb/v7-m/libgcc.a(_arm_fixsfsi.o)
                0x0000000008009030                __fixsfsi
                0x0000000008009030                __aeabi_f2iz
 .text          0x000000000800907c      0x9dc /opt/gcc-arm/gcc-arm-none-eabi-6_2-2016q4/bin/../lib/gcc/arm-none-eabi/6.2.1/thumb/v7-m/libgcc.a(unwind-arm.o)
                0x0000000008009340                _Unwind_GetCFA
                0x0000000008009344                __gnu_Unwind_RaiseException
                0x00000000080093a4                __gnu_Unwind_ForcedUnwind
                0x00000000080093b8                __gnu_Unwind_Resume
                0x00000000080093fc                __gnu_Unwind_Resume_or_Rethrow
                0x0000000008009410                _Unwind_Complete
                0x0000000008009414                _Unwind_DeleteException
                0x0000000008009420                _Unwind_VRS_Get
                0x000000000800946c                _Unwind_VRS_Set
                0x00000000080094bc                __gnu_Unwind_Backtrace
                0x0000000008009800                __aeabi_unwind_cpp_pr0
                0x0000000008009804                __aeabi_unwind_cpp_pr1
                0x0000000008009808                __aeabi_unwind_cpp_pr2
                0x000000000800980c                _Unwind_VRS_Pop
 .text          0x0000000008009a58      0x1ac /opt/gcc-arm/gcc-arm-none-eabi-6_2-2016q4/bin/../lib/gcc/arm-none-eabi/6.2.1/thumb/v7-m/libgcc.a(libunwind.o)
                0x0000000008009a58                __restore_core_regs
                0x0000000008009a58                restore_core_regs
                0x0000000008009a70                __gnu_Unwind_Restore_VFP
                0x0000000008009a78                __gnu_Unwind_Save_VFP
                0x0000000008009a80                __gnu_Unwind_Restore_VFP_D
                0x0000000008009a88                __gnu_Unwind_Save_VFP_D
                0x0000000008009a90                __gnu_Unwind_Restore_VFP_D_16_to_31
                0x0000000008009a98                __gnu_Unwind_Save_VFP_D_16_to_31
                0x0000000008009aa0                __gnu_Unwind_Restore_WMMXD
                0x0000000008009ae4                __gnu_Unwind_Save_WMMXD
                0x0000000008009b28                __gnu_Unwind_Restore_WMMXC
                0x0000000008009b3c                __gnu_Unwind_Save_WMMXC
                0x0000000008009b50                ___Unwind_RaiseException
                0x0000000008009b50                _Unwind_RaiseException
                0x0000000008009b74                ___Unwind_Resume
                0x0000000008009b74                _Unwind_Resume
                0x0000000008009b98                _Unwind_Resume_or_Rethrow
                0x0000000008009b98                ___Unwind_Resume_or_Rethrow
                0x0000000008009bbc                ___Unwind_ForcedUnwind
                0x0000000008009bbc                _Unwind_ForcedUnwind
                0x0000000008009be0                _Unwind_Backtrace
                0x0000000008009be0                ___Unwind_Backtrace
 .text          0x0000000008009c04      0x384 /opt/gcc-arm/gcc-arm-none-eabi-6_2-2016q4/bin/../lib/gcc/arm-none-eabi/6.2.1/thumb/v7-m/libgcc.a(pr-support.o)
                0x0000000008009c5c                __gnu_unwind_execute
                0x0000000008009f2c                __gnu_unwind_frame
                0x0000000008009f58                _Unwind_GetRegionStart
                0x0000000008009f64                _Unwind_GetLanguageSpecificData
                0x0000000008009f78                _Unwind_GetTextRelBase
                0x0000000008009f80                _Unwind_GetDataRelBase
 .text.__errno  0x0000000008009f88        0xc /opt/gcc-arm/gcc-arm-none-eabi-6_2-2016q4/bin/../lib/gcc/arm-none-eabi/6.2.1/../../../../arm-none-eabi/lib/thumb/v7-m/libg.a(lib_a-errno.o)
                0x0000000008009f88                __errno
 .text.__libc_init_array
                0x0000000008009f94       0x50 /opt/gcc-arm/gcc-arm-none-eabi-6_2-2016q4/bin/../lib/gcc/arm-none-eabi/6.2.1/../../../../arm-none-eabi/lib/thumb/v7-m/libg.a(lib_a-init.o)
                0x0000000008009f94                __libc_init_array
 .text.malloc   0x0000000008009fe4       0x10 /opt/gcc-arm/gcc-arm-none-eabi-6_2-2016q4/bin/../lib/gcc/arm-none-eabi/6.2.1/../../../../arm-none-eabi/lib/thumb/v7-m/libg.a(lib_a-malloc.o)
                0x0000000008009fe4                malloc
 .text.free     0x0000000008009ff4       0x10 /opt/gcc-arm/gcc-arm-none-eabi-6_2-2016q4/bin/../lib/gcc/arm-none-eabi/6.2.1/../../../../arm-none-eabi/lib/thumb/v7-m/libg.a(lib_a-malloc.o)
                0x0000000008009ff4                free
 .text._malloc_r
                0x000000000800a004      0x544 /opt/gcc-arm/gcc-arm-none-eabi-6_2-2016q4/bin/../lib/gcc/arm-none-eabi/6.2.1/../../../../arm-none-eabi/lib/thumb/v7-m/libg.a(lib_a-mallocr.o)
                0x000000000800a004                _malloc_r
 .text          0x000000000800a548       0xec /opt/gcc-arm/gcc-arm-none-eabi-6_2-2016q4/bin/../lib/gcc/arm-none-eabi/6.2.1/../../../../arm-none-eabi/lib/thumb/v7-m/libg.a(lib_a-memcpy.o)
                0x000000000800a548                memcpy
 .text.memset   0x000000000800a634       0x9c /opt/gcc-arm/gcc-arm-none-eabi-6_2-2016q4/bin/../lib/gcc/arm-none-eabi/6.2.1/../../../../arm-none-eabi/lib/thumb/v7-m/libg.a(lib_a-memset.o)
                0x000000000800a634                memset
 .text.__malloc_lock
                0x000000000800a6d0        0x4 /opt/gcc-arm/gcc-arm-none-eabi-6_2-2016q4/bin/../lib/gcc/arm-none-eabi/6.2.1/../../../../arm-none-eabi/lib/thumb/v7-m/libg.a(lib_a-mlock.o)
                0x000000000800a6d0                __malloc_lock
 .text.__malloc_unlock
                0x000000000800a6d4        0x4 /opt/gcc-arm/gcc-arm-none-eabi-6_2-2016q4/bin/../lib/gcc/arm-none-eabi/6.2.1/../../../../arm-none-eabi/lib/thumb/v7-m/libg.a(lib_a-mlock.o)
                0x000000000800a6d4                __malloc_unlock
 .text.realloc  0x000000000800a6d8       0x10 /opt/gcc-arm/gcc-arm-none-eabi-6_2-2016q4/bin/../lib/gcc/arm-none-eabi/6.2.1/../../../../arm-none-eabi/lib/thumb/v7-m/libg.a(lib_a-realloc.o)
                0x000000000800a6d8                realloc
 .text._realloc_r
                0x000000000800a6e8      0x36c /opt/gcc-arm/gcc-arm-none-eabi-6_2-2016q4/bin/../lib/gcc/arm-none-eabi/6.2.1/../../../../arm-none-eabi/lib/thumb/v7-m/libg.a(lib_a-reallocr.o)
                0x000000000800a6e8                _realloc_r
 .text._sbrk_r  0x000000000800aa54       0x24 /opt/gcc-arm/gcc-arm-none-eabi-6_2-2016q4/bin/../lib/gcc/arm-none-eabi/6.2.1/../../../../arm-none-eabi/lib/thumb/v7-m/libg.a(lib_a-sbrkr.o)
                0x000000000800aa54                _sbrk_r
 .text          0x000000000800aa78      0x1bc /opt/gcc-arm/gcc-arm-none-eabi-6_2-2016q4/bin/../lib/gcc/arm-none-eabi/6.2.1/../../../../arm-none-eabi/lib/thumb/v7-m/libg.a(lib_a-strcmp.o)
                0x000000000800aa78                strcmp
 .text.strlen   0x000000000800ac34       0x5c /opt/gcc-arm/gcc-arm-none-eabi-6_2-2016q4/bin/../lib/gcc/arm-none-eabi/6.2.1/../../../../arm-none-eabi/lib/thumb/v7-m/libg.a(lib_a-strlen-stub.o)
                0x000000000800ac34                strlen
 .text._malloc_trim_r
                0x000000000800ac90       0xa0 /opt/gcc-arm/gcc-arm-none-eabi-6_2-2016q4/bin/../lib/gcc/arm-none-eabi/6.2.1/../../../../arm-none-eabi/lib/thumb/v7-m/libg.a(lib_a-freer.o)
                0x000000000800ac90                _malloc_trim_r
 .text._free_r  0x000000000800ad30      0x1cc /opt/gcc-arm/gcc-arm-none-eabi-6_2-2016q4/bin/../lib/gcc/arm-none-eabi/6.2.1/../../../../arm-none-eabi/lib/thumb/v7-m/libg.a(lib_a-freer.o)
                0x000000000800ad30                _free_r
 .text.memmove  0x000000000800aefc       0xc8 /opt/gcc-arm/gcc-arm-none-eabi-6_2-2016q4/bin/../lib/gcc/arm-none-eabi/6.2.1/../../../../arm-none-eabi/lib/thumb/v7-m/libg.a(lib_a-memmove.o)
                0x000000000800aefc                memmove
 *(.init)
 *(.fini)
 *(.gnu.linkonce.t.*)
 *(.glue_7)
 .glue_7        0x000000000800afc4        0x0 linker stubs
 *(.glue_7t)
 .glue_7t       0x000000000800afc4        0x0 linker stubs
 *(.vfp11_veneer)
 .vfp11_veneer  0x000000000800afc4        0x0 linker stubs
 *(.janus_2cc_veneer)
 *(.v4_bx)
 .v4_bx         0x000000000800afc4        0x0 linker stubs
 *(.gcc_except_table)
 *(.rodata .rodata.*)
 .rodata._ZTSN3ros3MsgE
                0x000000000800afc4        0xb ./src/main.o
                0x000000000800afc4                typeinfo name for ros::Msg
 *fill*         0x000000000800afcf        0x1 
 .rodata._ZTIN3ros3MsgE
                0x000000000800afd0        0x8 ./src/main.o
                0x000000000800afd0                typeinfo for ros::Msg
 .rodata._ZTSN8std_msgs4TimeE
                0x000000000800afd8       0x11 ./src/main.o
                0x000000000800afd8                typeinfo name for std_msgs::Time
 *fill*         0x000000000800afe9        0x3 
 .rodata._ZTIN8std_msgs4TimeE
                0x000000000800afec        0xc ./src/main.o
                0x000000000800afec                typeinfo for std_msgs::Time
 .rodata._ZTSN14rosserial_msgs9TopicInfoE
                0x000000000800aff8       0x1d ./src/main.o
                0x000000000800aff8                typeinfo name for rosserial_msgs::TopicInfo
 *fill*         0x000000000800b015        0x3 
 .rodata._ZTIN14rosserial_msgs9TopicInfoE
                0x000000000800b018        0xc ./src/main.o
                0x000000000800b018                typeinfo for rosserial_msgs::TopicInfo
 .rodata._ZTSN14rosserial_msgs3LogE
                0x000000000800b024       0x17 ./src/main.o
                0x000000000800b024                typeinfo name for rosserial_msgs::Log
 *fill*         0x000000000800b03b        0x1 
 .rodata._ZTIN14rosserial_msgs3LogE
                0x000000000800b03c        0xc ./src/main.o
                0x000000000800b03c                typeinfo for rosserial_msgs::Log
 .rodata._ZTSN14rosserial_msgs20RequestParamResponseE
                0x000000000800b048       0x29 ./src/main.o
                0x000000000800b048                typeinfo name for rosserial_msgs::RequestParamResponse
 *fill*         0x000000000800b071        0x3 
 .rodata._ZTIN14rosserial_msgs20RequestParamResponseE
                0x000000000800b074        0xc ./src/main.o
                0x000000000800b074                typeinfo for rosserial_msgs::RequestParamResponse
 .rodata._ZTSN3ros15NodeHandleBase_E
                0x000000000800b080       0x18 ./src/main.o
                0x000000000800b080                typeinfo name for ros::NodeHandleBase_
 .rodata._ZTIN3ros15NodeHandleBase_E
                0x000000000800b098        0x8 ./src/main.o
                0x000000000800b098                typeinfo for ros::NodeHandleBase_
 .rodata._ZTSN3ros11Subscriber_E
                0x000000000800b0a0       0x14 ./src/main.o
                0x000000000800b0a0                typeinfo name for ros::Subscriber_
 .rodata._ZTIN3ros11Subscriber_E
                0x000000000800b0b4        0x8 ./src/main.o
                0x000000000800b0b4                typeinfo for ros::Subscriber_
 .rodata._ZTSN8std_msgs19MultiArrayDimensionE
                0x000000000800b0bc       0x21 ./src/main.o
                0x000000000800b0bc                typeinfo name for std_msgs::MultiArrayDimension
 *fill*         0x000000000800b0dd        0x3 
 .rodata._ZTIN8std_msgs19MultiArrayDimensionE
                0x000000000800b0e0        0xc ./src/main.o
                0x000000000800b0e0                typeinfo for std_msgs::MultiArrayDimension
 .rodata._ZTSN8std_msgs16MultiArrayLayoutE
                0x000000000800b0ec       0x1e ./src/main.o
                0x000000000800b0ec                typeinfo name for std_msgs::MultiArrayLayout
 *fill*         0x000000000800b10a        0x2 
 .rodata._ZTIN8std_msgs16MultiArrayLayoutE
                0x000000000800b10c        0xc ./src/main.o
                0x000000000800b10c                typeinfo for std_msgs::MultiArrayLayout
 .rodata._ZTSN8std_msgs17Float32MultiArrayE
                0x000000000800b118       0x1f ./src/main.o
                0x000000000800b118                typeinfo name for std_msgs::Float32MultiArray
 *fill*         0x000000000800b137        0x1 
 .rodata._ZTIN8std_msgs17Float32MultiArrayE
                0x000000000800b138        0xc ./src/main.o
                0x000000000800b138                typeinfo for std_msgs::Float32MultiArray
 .rodata._ZTSN8std_msgs6HeaderE
                0x000000000800b144       0x13 ./src/main.o
                0x000000000800b144                typeinfo name for std_msgs::Header
 *fill*         0x000000000800b157        0x1 
 .rodata._ZTIN8std_msgs6HeaderE
                0x000000000800b158        0xc ./src/main.o
                0x000000000800b158                typeinfo for std_msgs::Header
 .rodata._ZTSN12roberto_msgs10MotorStateE
                0x000000000800b164       0x1d ./src/main.o
                0x000000000800b164                typeinfo name for roberto_msgs::MotorState
 *fill*         0x000000000800b181        0x3 
 .rodata._ZTIN12roberto_msgs10MotorStateE
                0x000000000800b184        0xc ./src/main.o
                0x000000000800b184                typeinfo for roberto_msgs::MotorState
 .rodata._ZTSN3ros11NodeHandle_I13STM32HardwareLi25ELi25ELi1024ELi1024EEE
                0x000000000800b190       0x3d ./src/main.o
                0x000000000800b190                typeinfo name for ros::NodeHandle_<STM32Hardware, 25, 25, 1024, 1024>
 *fill*         0x000000000800b1cd        0x3 
 .rodata._ZTIN3ros11NodeHandle_I13STM32HardwareLi25ELi25ELi1024ELi1024EEE
                0x000000000800b1d0        0xc ./src/main.o
                0x000000000800b1d0                typeinfo for ros::NodeHandle_<STM32Hardware, 25, 25, 1024, 1024>
 .rodata._ZTSN3ros10SubscriberIN12roberto_msgs10MotorStateEEE
                0x000000000800b1dc       0x31 ./src/main.o
                0x000000000800b1dc                typeinfo name for ros::Subscriber<roberto_msgs::MotorState>
 *fill*         0x000000000800b20d        0x3 
 .rodata._ZTIN3ros10SubscriberIN12roberto_msgs10MotorStateEEE
                0x000000000800b210        0xc ./src/main.o
                0x000000000800b210                typeinfo for ros::Subscriber<roberto_msgs::MotorState>
 .rodata._ZTVN8std_msgs4TimeE
                0x000000000800b21c       0x18 ./src/main.o
                0x000000000800b21c                vtable for std_msgs::Time
 .rodata._ZTVN14rosserial_msgs9TopicInfoE
                0x000000000800b234       0x18 ./src/main.o
                0x000000000800b234                vtable for rosserial_msgs::TopicInfo
 .rodata._ZTVN14rosserial_msgs3LogE
                0x000000000800b24c       0x18 ./src/main.o
                0x000000000800b24c                vtable for rosserial_msgs::Log
 .rodata._ZTVN14rosserial_msgs20RequestParamResponseE
                0x000000000800b264       0x18 ./src/main.o
                0x000000000800b264                vtable for rosserial_msgs::RequestParamResponse
 .rodata._ZTVN8std_msgs19MultiArrayDimensionE
                0x000000000800b27c       0x18 ./src/main.o
                0x000000000800b27c                vtable for std_msgs::MultiArrayDimension
 .rodata._ZTVN8std_msgs16MultiArrayLayoutE
                0x000000000800b294       0x18 ./src/main.o
                0x000000000800b294                vtable for std_msgs::MultiArrayLayout
 .rodata._ZTVN8std_msgs17Float32MultiArrayE
                0x000000000800b2ac       0x18 ./src/main.o
                0x000000000800b2ac                vtable for std_msgs::Float32MultiArray
 .rodata._ZTVN8std_msgs6HeaderE
                0x000000000800b2c4       0x18 ./src/main.o
                0x000000000800b2c4                vtable for std_msgs::Header
 .rodata._ZTVN12roberto_msgs10MotorStateE
                0x000000000800b2dc       0x18 ./src/main.o
                0x000000000800b2dc                vtable for roberto_msgs::MotorState
 .rodata._ZTVN3ros11NodeHandle_I13STM32HardwareLi25ELi25ELi1024ELi1024EEE
                0x000000000800b2f4       0x14 ./src/main.o
                0x000000000800b2f4                vtable for ros::NodeHandle_<STM32Hardware, 25, 25, 1024, 1024>
 .rodata._ZTVN3ros10SubscriberIN12roberto_msgs10MotorStateEEE
                0x000000000800b308       0x18 ./src/main.o
                0x000000000800b308                vtable for ros::Subscriber<roberto_msgs::MotorState>
 .rodata        0x000000000800b320       0x2c ./src/main.o
 .rodata._ZN12roberto_msgs10MotorState6getMD5Ev.str1.1
                0x000000000800b34c       0x21 ./src/main.o
 .rodata._ZN12roberto_msgs10MotorState7getTypeEv.str1.1
                0x000000000800b36d       0x18 ./src/main.o
 .rodata._ZN14rosserial_msgs20RequestParamResponse6getMD5Ev.str1.1
                0x000000000800b385       0x21 ./src/main.o
 .rodata._ZN14rosserial_msgs3Log6getMD5Ev.str1.1
                0x000000000800b3a6       0x21 ./src/main.o
 .rodata._ZN14rosserial_msgs3Log7getTypeEv.str1.1
                0x000000000800b3c7       0x13 ./src/main.o
 .rodata._ZN14rosserial_msgs9TopicInfo6getMD5Ev.str1.1
                0x000000000800b3da       0x21 ./src/main.o
 .rodata._ZN14rosserial_msgs9TopicInfo7getTypeEv.str1.1
                0x000000000800b3fb       0x19 ./src/main.o
 .rodata._ZN3ros11NodeHandle_I13STM32HardwareLi25ELi25ELi1024ELi1024EE15negotiateTopicsEv.str1.1
                0x000000000800b414       0x19 ./src/main.o
                                          0x1 (size before relaxing)
 .rodata._ZN3ros11NodeHandle_I13STM32HardwareLi25ELi25ELi1024ELi1024EE7publishEiPKNS_3MsgE.str1.1
                0x000000000800b414       0x39 ./src/main.o
 .rodata._ZN8std_msgs16MultiArrayLayout6getMD5Ev.str1.1
                0x000000000800b44d       0x21 ./src/main.o
 .rodata._ZN8std_msgs16MultiArrayLayout7getTypeEv.str1.1
                0x000000000800b46e       0x1a ./src/main.o
 .rodata._ZN8std_msgs17Float32MultiArray6getMD5Ev.str1.1
                0x000000000800b488       0x21 ./src/main.o
 .rodata._ZN8std_msgs17Float32MultiArray7getTypeEv.str1.1
                0x000000000800b4a9       0x1b ./src/main.o
 .rodata._ZN8std_msgs19MultiArrayDimension6getMD5Ev.str1.1
                0x000000000800b4c4       0x21 ./src/main.o
 .rodata._ZN8std_msgs19MultiArrayDimension7getTypeEv.str1.1
                0x000000000800b4e5       0x1d ./src/main.o
 .rodata._ZN8std_msgs4Time6getMD5Ev.str1.1
                0x000000000800b502       0x21 ./src/main.o
 .rodata._ZN8std_msgs4Time7getTypeEv.str1.1
                0x000000000800b523        0xe ./src/main.o
 .rodata._ZN8std_msgs6Header6getMD5Ev.str1.1
                0x000000000800b531       0x21 ./src/main.o
 .rodata._ZN8std_msgs6Header7getTypeEv.str1.1
                0x000000000800b552       0x10 ./src/main.o
 .rodata.str1.1
                0x000000000800b562       0x5a ./src/main.o
 .rodata        0x000000000800b5bc       0x38 ./src/motor.o
                0x000000000800b5bc                vtable for motor
                0x000000000800b5e4                typeinfo name for motor
                0x000000000800b5ec                typeinfo for motor
 .rodata        0x000000000800b5f4       0x54 ./src/servo.o
                0x000000000800b5f4                vtable for servo
                0x000000000800b634                typeinfo name for servo
                0x000000000800b63c                typeinfo for servo
 .rodata        0x000000000800b648       0x40 ./src/DCMotor.o
                0x000000000800b648                vtable for DCMotor
                0x000000000800b670                typeinfo name for DCMotor
                0x000000000800b67c                typeinfo for DCMotor
 .rodata._ZTIN10__cxxabiv117__class_type_infoE
                0x000000000800b688        0xc /opt/gcc-arm/gcc-arm-none-eabi-6_2-2016q4/bin/../lib/gcc/arm-none-eabi/6.2.1/../../../../arm-none-eabi/lib/thumb/v7-m/libstdc++.a(class_type_info.o)
                0x000000000800b688                typeinfo for __cxxabiv1::__class_type_info
 .rodata._ZTSN10__cxxabiv117__class_type_infoE
                0x000000000800b694       0x22 /opt/gcc-arm/gcc-arm-none-eabi-6_2-2016q4/bin/../lib/gcc/arm-none-eabi/6.2.1/../../../../arm-none-eabi/lib/thumb/v7-m/libstdc++.a(class_type_info.o)
                0x000000000800b694                typeinfo name for __cxxabiv1::__class_type_info
 *fill*         0x000000000800b6b6        0x2 
 .rodata._ZTVN10__cxxabiv117__class_type_infoE
                0x000000000800b6b8       0x2c /opt/gcc-arm/gcc-arm-none-eabi-6_2-2016q4/bin/../lib/gcc/arm-none-eabi/6.2.1/../../../../arm-none-eabi/lib/thumb/v7-m/libstdc++.a(class_type_info.o)
                0x000000000800b6b8                vtable for __cxxabiv1::__class_type_info
 .rodata._ZGTtNKSt13bad_exception4whatEv.str1.4
                0x000000000800b6e4       0x13 /opt/gcc-arm/gcc-arm-none-eabi-6_2-2016q4/bin/../lib/gcc/arm-none-eabi/6.2.1/../../../../arm-none-eabi/lib/thumb/v7-m/libstdc++.a(eh_exception.o)
 *fill*         0x000000000800b6f7        0x1 
 .rodata._ZTIN10__cxxabiv115__forced_unwindE
                0x000000000800b6f8        0x8 /opt/gcc-arm/gcc-arm-none-eabi-6_2-2016q4/bin/../lib/gcc/arm-none-eabi/6.2.1/../../../../arm-none-eabi/lib/thumb/v7-m/libstdc++.a(eh_exception.o)
                0x000000000800b6f8                typeinfo for __cxxabiv1::__forced_unwind
 .rodata._ZTIN10__cxxabiv119__foreign_exceptionE
                0x000000000800b700        0x8 /opt/gcc-arm/gcc-arm-none-eabi-6_2-2016q4/bin/../lib/gcc/arm-none-eabi/6.2.1/../../../../arm-none-eabi/lib/thumb/v7-m/libstdc++.a(eh_exception.o)
                0x000000000800b700                typeinfo for __cxxabiv1::__foreign_exception
 .rodata._ZTISt13bad_exception
                0x000000000800b708        0xc /opt/gcc-arm/gcc-arm-none-eabi-6_2-2016q4/bin/../lib/gcc/arm-none-eabi/6.2.1/../../../../arm-none-eabi/lib/thumb/v7-m/libstdc++.a(eh_exception.o)
                0x000000000800b708                typeinfo for std::bad_exception
 .rodata._ZTISt9exception
                0x000000000800b714        0x8 /opt/gcc-arm/gcc-arm-none-eabi-6_2-2016q4/bin/../lib/gcc/arm-none-eabi/6.2.1/../../../../arm-none-eabi/lib/thumb/v7-m/libstdc++.a(eh_exception.o)
                0x000000000800b714                typeinfo for std::exception
 .rodata._ZTSN10__cxxabiv115__forced_unwindE
                0x000000000800b71c       0x20 /opt/gcc-arm/gcc-arm-none-eabi-6_2-2016q4/bin/../lib/gcc/arm-none-eabi/6.2.1/../../../../arm-none-eabi/lib/thumb/v7-m/libstdc++.a(eh_exception.o)
                0x000000000800b71c                typeinfo name for __cxxabiv1::__forced_unwind
 .rodata._ZTSN10__cxxabiv119__foreign_exceptionE
                0x000000000800b73c       0x24 /opt/gcc-arm/gcc-arm-none-eabi-6_2-2016q4/bin/../lib/gcc/arm-none-eabi/6.2.1/../../../../arm-none-eabi/lib/thumb/v7-m/libstdc++.a(eh_exception.o)
                0x000000000800b73c                typeinfo name for __cxxabiv1::__foreign_exception
 .rodata._ZTSSt13bad_exception
                0x000000000800b760       0x12 /opt/gcc-arm/gcc-arm-none-eabi-6_2-2016q4/bin/../lib/gcc/arm-none-eabi/6.2.1/../../../../arm-none-eabi/lib/thumb/v7-m/libstdc++.a(eh_exception.o)
                0x000000000800b760                typeinfo name for std::bad_exception
 *fill*         0x000000000800b772        0x2 
 .rodata._ZTSSt9exception
                0x000000000800b774        0xd /opt/gcc-arm/gcc-arm-none-eabi-6_2-2016q4/bin/../lib/gcc/arm-none-eabi/6.2.1/../../../../arm-none-eabi/lib/thumb/v7-m/libstdc++.a(eh_exception.o)
                0x000000000800b774                typeinfo name for std::exception
 *fill*         0x000000000800b781        0x3 